Archive member included to satisfy reference by file (symbol)

../libopencm3/lib\libopencm3_stm32f4.a(flash_common_f.o)
                              ../shared/src/core/fw_flash.o (flash_unlock)
../libopencm3/lib\libopencm3_stm32f4.a(flash_common_f24.o)
                              ../shared/src/core/fw_flash.o (flash_program)
../libopencm3/lib\libopencm3_stm32f4.a(gpio_common_all.o)
                              src/firmware.o (gpio_set)
../libopencm3/lib\libopencm3_stm32f4.a(gpio_common_f0234.o)
                              src/firmware.o (gpio_mode_setup)
../libopencm3/lib\libopencm3_stm32f4.a(rcc_common_all.o)
                              src/firmware.o (rcc_periph_clock_enable)
../libopencm3/lib\libopencm3_stm32f4.a(rcc.o)
                              ../shared/src/core/system.o (rcc_clock_setup_pll)
../libopencm3/lib\libopencm3_stm32f4.a(usart_common_all.o)
                              ../shared/src/core/uart.o (usart_set_baudrate)
../libopencm3/lib\libopencm3_stm32f4.a(usart_common_f124.o)
                              ../libopencm3/lib\libopencm3_stm32f4.a(usart_common_all.o) (usart_send)
../libopencm3/lib\libopencm3_stm32f4.a(systick.o)
                              ../shared/src/core/system.o (systick_set_frequency)
../libopencm3/lib\libopencm3_stm32f4.a(nvic.o)
                              ../shared/src/core/uart.o (nvic_enable_irq)
../libopencm3/lib\libopencm3_stm32f4.a(flash.o)
                              ../libopencm3/lib\libopencm3_stm32f4.a(flash_common_f24.o) (flash_wait_for_last_operation)
../libopencm3/lib\libopencm3_stm32f4.a(flash_common_all.o)
                              ../libopencm3/lib\libopencm3_stm32f4.a(rcc.o) (flash_set_ws)
../libopencm3/lib\libopencm3_stm32f4.a(flash_common_idcache.o)
                              ../libopencm3/lib\libopencm3_stm32f4.a(rcc.o) (flash_dcache_enable)
../libopencm3/lib\libopencm3_stm32f4.a(pwr.o)
                              ../libopencm3/lib\libopencm3_stm32f4.a(rcc.o) (pwr_set_vos_scale)
C:/Program Files (x86)/Arm GNU Toolchain arm-none-eabi/14.2 rel1/bin/../lib/gcc/arm-none-eabi/14.2.1/thumb/v7e-m+fp/hard\libc.a(libc_a-atoi.o)
                              src/firmware.o (atoi)
C:/Program Files (x86)/Arm GNU Toolchain arm-none-eabi/14.2 rel1/bin/../lib/gcc/arm-none-eabi/14.2.1/thumb/v7e-m+fp/hard\libc.a(libc_a-itoa.o)
                              src/firmware.o (itoa)
C:/Program Files (x86)/Arm GNU Toolchain arm-none-eabi/14.2 rel1/bin/../lib/gcc/arm-none-eabi/14.2.1/thumb/v7e-m+fp/hard\libc.a(libc_a-strtol.o)
                              C:/Program Files (x86)/Arm GNU Toolchain arm-none-eabi/14.2 rel1/bin/../lib/gcc/arm-none-eabi/14.2.1/thumb/v7e-m+fp/hard\libc.a(libc_a-atoi.o) (_strtol_r)
C:/Program Files (x86)/Arm GNU Toolchain arm-none-eabi/14.2 rel1/bin/../lib/gcc/arm-none-eabi/14.2.1/thumb/v7e-m+fp/hard\libc.a(libc_a-utoa.o)
                              C:/Program Files (x86)/Arm GNU Toolchain arm-none-eabi/14.2 rel1/bin/../lib/gcc/arm-none-eabi/14.2.1/thumb/v7e-m+fp/hard\libc.a(libc_a-itoa.o) (__utoa)
C:/Program Files (x86)/Arm GNU Toolchain arm-none-eabi/14.2 rel1/bin/../lib/gcc/arm-none-eabi/14.2.1/thumb/v7e-m+fp/hard\libc.a(libc_a-ctype_.o)
                              C:/Program Files (x86)/Arm GNU Toolchain arm-none-eabi/14.2 rel1/bin/../lib/gcc/arm-none-eabi/14.2.1/thumb/v7e-m+fp/hard\libc.a(libc_a-strtol.o) (_ctype_)
C:/Program Files (x86)/Arm GNU Toolchain arm-none-eabi/14.2 rel1/bin/../lib/gcc/arm-none-eabi/14.2.1/thumb/v7e-m+fp/hard\libc.a(libc_a-memset.o)
                              src/firmware.o (memset)
C:/Program Files (x86)/Arm GNU Toolchain arm-none-eabi/14.2 rel1/bin/../lib/gcc/arm-none-eabi/14.2.1/thumb/v7e-m+fp/hard\libc.a(libc_a-strncmp.o)
                              src/firmware.o (strncmp)
C:/Program Files (x86)/Arm GNU Toolchain arm-none-eabi/14.2 rel1/bin/../lib/gcc/arm-none-eabi/14.2.1/thumb/v7e-m+fp/hard\libc.a(libc_a-strncpy.o)
                              src/firmware.o (strncpy)
C:/Program Files (x86)/Arm GNU Toolchain arm-none-eabi/14.2 rel1/bin/../lib/gcc/arm-none-eabi/14.2.1/thumb/v7e-m+fp/hard\libc.a(libc_a-strtok.o)
                              src/firmware.o (strtok)
C:/Program Files (x86)/Arm GNU Toolchain arm-none-eabi/14.2 rel1/bin/../lib/gcc/arm-none-eabi/14.2.1/thumb/v7e-m+fp/hard\libc.a(libc_a-strtok_r.o)
                              C:/Program Files (x86)/Arm GNU Toolchain arm-none-eabi/14.2 rel1/bin/../lib/gcc/arm-none-eabi/14.2.1/thumb/v7e-m+fp/hard\libc.a(libc_a-strtok.o) (__strtok_r)
C:/Program Files (x86)/Arm GNU Toolchain arm-none-eabi/14.2 rel1/bin/../lib/gcc/arm-none-eabi/14.2.1/thumb/v7e-m+fp/hard\libc.a(libc_a-impure.o)
                              C:/Program Files (x86)/Arm GNU Toolchain arm-none-eabi/14.2 rel1/bin/../lib/gcc/arm-none-eabi/14.2.1/thumb/v7e-m+fp/hard\libc.a(libc_a-strtol.o) (_impure_ptr)
C:/Program Files (x86)/Arm GNU Toolchain arm-none-eabi/14.2 rel1/bin/../lib/gcc/arm-none-eabi/14.2.1/thumb/v7e-m+fp/hard\libc.a(libc_a-errno.o)
[...]
Memory Configuration

Name             Origin             Length             Attributes
RAM              0x20000000         0x00020000         xrw
ROM              0x08000000         0x00080000         xr
*default*        0x00000000         0xffffffff

Linker script and memory map

LOAD src/firmware.o
LOAD ../shared/src/core/fw_flash.o
LOAD ../shared/src/core/ring-buffer.o
LOAD ../shared/src/core/system.o
LOAD ../shared/src/core/uart.o
LOAD startup.o
LOAD ../libopencm3/lib\libopencm3_stm32f4.a
START GROUP
LOAD C:/Program Files (x86)/Arm GNU Toolchain arm-none-eabi/14.2 rel1/bin/../lib/gcc/arm-none-eabi/14.2.1/thumb/v7e-m+fp/hard\libgcc.a
LOAD C:/Program Files (x86)/Arm GNU Toolchain arm-none-eabi/14.2 rel1/bin/../lib/gcc/arm-none-eabi/14.2.1/thumb/v7e-m+fp/hard\libc.a
END GROUP
START GROUP
LOAD C:/Program Files (x86)/Arm GNU Toolchain arm-none-eabi/14.2 rel1/bin/../lib/gcc/arm-none-eabi/14.2.1/thumb/v7e-m+fp/hard\libgcc.a
LOAD C:/Program Files (x86)/Arm GNU Toolchain arm-none-eabi/14.2 rel1/bin/../lib/gcc/arm-none-eabi/14.2.1/thumb/v7e-m+fp/hard\libc.a
LOAD C:/Program Files (x86)/Arm GNU Toolchain arm-none-eabi/14.2 rel1/bin/../lib/gcc/arm-none-eabi/14.2.1/thumb/v7e-m+fp/hard\libnosys.a
END GROUP

.isr_vector     0x08000000       0xdc
                0x08000000                        . = ALIGN (0x4)
 *(.isr_vector)
 .isr_vector    0x08000000       0xdc startup.o
                0x08000000                vector_table
                0x080000dc                        . = ALIGN (0x4)

.text           0x08000100     0x200c
                0x08000100                        . = ALIGN (0x4)
 *(.text)
 .text          0x08000100      0xdf4 src/firmware.o
                0x08000148                format_raw_gps_data
                0x08000b72                main
 .text          0x08000ef4       0x8c ../shared/src/core/fw_flash.o
                0x08000ef4                fw_flash_erase_sector
                0x08000f18                fw_flash_write
                0x08000f3e                fw_flash_read
 .text          0x08000f80      0x128 ../shared/src/core/ring-buffer.o
                0x08000f80                ring_buffer_setup
                0x08000fb2                ring_buffer_empty
                0x08000fd8                ring_buffer_write
                0x08001028                ring_buffer_read
                0x08001078                ring_buffer_write_status
                0x08001090                ring_buffer_read_status
 .text          0x080010a8       0x84 ../shared/src/core/system.o
                0x080010a8                sys_tick_handler
                0x08001100                system_get_ticks
                0x0800111c                system_setup
 .text          0x0800112c      0x3b0 ../shared/src/core/uart.o
                0x0800112c                usart1_isr
                0x08001178                usart2_isr
                0x080011c4                uart_setup1
                0x08001230                uart_setup2
                0x0800129c                uart_write_byte1
                0x080012c0                uart_write1
                0x080012f6                uart_read1
                0x0800134c                uart_read_byte1
                0x0800136a                uart_data_available1
                0x08001394                uart_data_read_status1
                0x080013a8                uart_data_write_status1
                0x080013bc                uart_write_byte2
                0x080013e0                uart_write2
                0x08001416                uart_read2
                0x0800146c                uart_read_byte2
                0x0800148a                uart_data_available2
                0x080014b4                uart_data_read_status2
                0x080014c8                uart_data_write_status2
 .text          0x080014dc       0x64 startup.o
                0x080014dc                Default_Handler
                0x080014e4                Reset_Handler
 .text          0x08001540       0xd8 C:/Program Files (x86)/Arm GNU Toolchain arm-none-eabi/14.2 rel1/bin/../lib/gcc/arm-none-eabi/14.2.1/thumb/v7e-m+fp/hard\libc.a(libc_a-strlen.o)
                0x08001540                strlen
 *(.text*)
 .text.flash_unlock
                0x08001618       0x1c ../libopencm3/lib\libopencm3_stm32f4.a(flash_common_f.o)
                0x08001618                flash_unlock
 .text.flash_lock
                0x08001634       0x14 ../libopencm3/lib\libopencm3_stm32f4.a(flash_common_f.o)
                0x08001634                flash_lock
 .text.flash_set_program_size
                0x08001648       0x20 ../libopencm3/lib\libopencm3_stm32f4.a(flash_common_f24.o)
 .text.flash_program_byte
                0x08001668       0x38 ../libopencm3/lib\libopencm3_stm32f4.a(flash_common_f24.o)
                0x08001668                flash_program_byte
 .text.flash_program
                0x080016a0       0x1a ../libopencm3/lib\libopencm3_stm32f4.a(flash_common_f24.o)
                0x080016a0                flash_program
 *fill*         0x080016ba        0x2 
 .text.flash_erase_sector
                0x080016bc       0x70 ../libopencm3/lib\libopencm3_stm32f4.a(flash_common_f24.o)
                0x080016bc                flash_erase_sector
 .text.gpio_set
                0x0800172c        0x4 ../libopencm3/lib\libopencm3_stm32f4.a(gpio_common_all.o)
                0x0800172c                gpio_set
 .text.gpio_toggle
                0x08001730       0x12 ../libopencm3/lib\libopencm3_stm32f4.a(gpio_common_all.o)
                0x08001730                gpio_toggle
 .text.gpio_mode_setup
                0x08001742       0x40 ../libopencm3/lib\libopencm3_stm32f4.a(gpio_common_f0234.o)
                0x08001742                gpio_mode_setup
 .text.gpio_set_af
                0x08001782       0x58 ../libopencm3/lib\libopencm3_stm32f4.a(gpio_common_f0234.o)
                0x08001782                gpio_set_af
 .text.rcc_periph_clock_enable
                0x080017da       0x1a ../libopencm3/lib\libopencm3_stm32f4.a(rcc_common_all.o)
                0x080017da                rcc_periph_clock_enable
 .text.rcc_is_osc_ready
                0x080017f4       0x64 ../libopencm3/lib\libopencm3_stm32f4.a(rcc.o)
                0x080017f4                rcc_is_osc_ready
 .text.rcc_wait_for_osc_ready
                0x08001858       0x10 ../libopencm3/lib\libopencm3_stm32f4.a(rcc.o)
                0x08001858                rcc_wait_for_osc_ready
 .text.rcc_osc_on
                0x08001868       0x74 ../libopencm3/lib\libopencm3_stm32f4.a(rcc.o)
                0x08001868                rcc_osc_on
 .text.rcc_osc_off
                0x080018dc       0x74 ../libopencm3/lib\libopencm3_stm32f4.a(rcc.o)
                0x080018dc                rcc_osc_off
 .text.rcc_set_sysclk_source
                0x08001950       0x18 ../libopencm3/lib\libopencm3_stm32f4.a(rcc.o)
                0x08001950                rcc_set_sysclk_source
 .text.rcc_set_ppre2
                0x08001968       0x18 ../libopencm3/lib\libopencm3_stm32f4.a(rcc.o)
                0x08001968                rcc_set_ppre2
 .text.rcc_set_ppre1
                0x08001980       0x18 ../libopencm3/lib\libopencm3_stm32f4.a(rcc.o)
                0x08001980                rcc_set_ppre1
 .text.rcc_set_hpre
                0x08001998       0x18 ../libopencm3/lib\libopencm3_stm32f4.a(rcc.o)
                0x08001998                rcc_set_hpre
 .text.rcc_set_main_pll_hsi
                0x080019b0       0x44 ../libopencm3/lib\libopencm3_stm32f4.a(rcc.o)
                0x080019b0                rcc_set_main_pll_hsi
 .text.rcc_set_main_pll_hse
                0x080019f4       0x44 ../libopencm3/lib\libopencm3_stm32f4.a(rcc.o)
                0x080019f4                rcc_set_main_pll_hse
 .text.rcc_clock_setup_pll
                0x08001a38       0xe4 ../libopencm3/lib\libopencm3_stm32f4.a(rcc.o)
                0x08001a38                rcc_clock_setup_pll
 .text.rcc_get_usart_clk_freq
                0x08001b1c       0x20 ../libopencm3/lib\libopencm3_stm32f4.a(rcc.o)
                0x08001b1c                rcc_get_usart_clk_freq
 .text.usart_set_baudrate
                0x08001b3c       0x16 ../libopencm3/lib\libopencm3_stm32f4.a(usart_common_all.o)
                0x08001b3c                usart_set_baudrate
 .text.usart_set_databits
                0x08001b52       0x12 ../libopencm3/lib\libopencm3_stm32f4.a(usart_common_all.o)
                0x08001b52                usart_set_databits
 .text.usart_set_stopbits
                0x08001b64        0xc ../libopencm3/lib\libopencm3_stm32f4.a(usart_common_all.o)
                0x08001b64                usart_set_stopbits
 .text.usart_set_parity
                0x08001b70        0xc ../libopencm3/lib\libopencm3_stm32f4.a(usart_common_all.o)
                0x08001b70                usart_set_parity
 .text.usart_set_mode
                0x08001b7c        0xc ../libopencm3/lib\libopencm3_stm32f4.a(usart_common_all.o)
                0x08001b7c                usart_set_mode
 .text.usart_set_flow_control
                0x08001b88        0xc ../libopencm3/lib\libopencm3_stm32f4.a(usart_common_all.o)
                0x08001b88                usart_set_flow_control
 .text.usart_enable
                0x08001b94        0xa ../libopencm3/lib\libopencm3_stm32f4.a(usart_common_all.o)
                0x08001b94                usart_enable
 .text.usart_send_blocking
                0x08001b9e       0x16 ../libopencm3/lib\libopencm3_stm32f4.a(usart_common_all.o)
                0x08001b9e                usart_send_blocking
 .text.usart_enable_rx_interrupt
                0x08001bb4        0xa ../libopencm3/lib\libopencm3_stm32f4.a(usart_common_all.o)
                0x08001bb4                usart_enable_rx_interrupt
 .text.usart_send
                0x08001bbe        0x8 ../libopencm3/lib\libopencm3_stm32f4.a(usart_common_f124.o)
                0x08001bbe                usart_send
 .text.usart_recv
                0x08001bc6        0x8 ../libopencm3/lib\libopencm3_stm32f4.a(usart_common_f124.o)
                0x08001bc6                usart_recv
 .text.usart_wait_send_ready
                0x08001bce        0x8 ../libopencm3/lib\libopencm3_stm32f4.a(usart_common_f124.o)
                0x08001bce                usart_wait_send_ready
 .text.usart_get_flag
                0x08001bd6        0xc ../libopencm3/lib\libopencm3_stm32f4.a(usart_common_f124.o)
                0x08001bd6                usart_get_flag
 .text.systick_set_clocksource
                0x08001be2       0x14 ../libopencm3/lib\libopencm3_stm32f4.a(systick.o)
                0x08001be2                systick_set_clocksource
 *fill*         0x08001bf6        0x2 
 .text.systick_set_frequency
                0x08001bf8       0x38 ../libopencm3/lib\libopencm3_stm32f4.a(systick.o)
                0x08001bf8                systick_set_frequency
 .text.systick_interrupt_enable
                0x08001c30        0xe ../libopencm3/lib\libopencm3_stm32f4.a(systick.o)
                0x08001c30                systick_interrupt_enable
 .text.systick_counter_enable
                0x08001c3e        0xe ../libopencm3/lib\libopencm3_stm32f4.a(systick.o)
                0x08001c3e                systick_counter_enable
 .text.nvic_enable_irq
                0x08001c4c       0x18 ../libopencm3/lib\libopencm3_stm32f4.a(nvic.o)
                0x08001c4c                nvic_enable_irq
 .text.flash_wait_for_last_operation
                0x08001c64       0x10 ../libopencm3/lib\libopencm3_stm32f4.a(flash.o)
                0x08001c64                flash_wait_for_last_operation
 .text.flash_set_ws
                0x08001c74       0x18 ../libopencm3/lib\libopencm3_stm32f4.a(flash_common_all.o)
                0x08001c74                flash_set_ws
 .text.flash_dcache_enable
                0x08001c8c       0x14 ../libopencm3/lib\libopencm3_stm32f4.a(flash_common_idcache.o)
                0x08001c8c                flash_dcache_enable
 .text.flash_dcache_disable
                0x08001ca0       0x14 ../libopencm3/lib\libopencm3_stm32f4.a(flash_common_idcache.o)
                0x08001ca0                flash_dcache_disable
 .text.flash_icache_enable
                0x08001cb4       0x14 ../libopencm3/lib\libopencm3_stm32f4.a(flash_common_idcache.o)
                0x08001cb4                flash_icache_enable
 .text.flash_icache_disable
                0x08001cc8       0x14 ../libopencm3/lib\libopencm3_stm32f4.a(flash_common_idcache.o)
                0x08001cc8                flash_icache_disable
 .text.pwr_set_vos_scale
                0x08001cdc       0x10 ../libopencm3/lib\libopencm3_stm32f4.a(pwr.o)
                0x08001cdc                pwr_set_vos_scale
 .text.atoi     0x08001cec        0x8 C:/Program Files (x86)/Arm GNU Toolchain arm-none-eabi/14.2 rel1/bin/../lib/gcc/arm-none-eabi/14.2.1/thumb/v7e-m+fp/hard\libc.a(libc_a-atoi.o)
                0x08001cec                atoi
 .text.itoa     0x08001cf4       0x2c C:/Program Files (x86)/Arm GNU Toolchain arm-none-eabi/14.2 rel1/bin/../lib/gcc/arm-none-eabi/14.2.1/thumb/v7e-m+fp/hard\libc.a(libc_a-itoa.o)
                0x08001cf4                itoa
 .text._strtol_l.isra.0
                0x08001d20      0x138 C:/Program Files (x86)/Arm GNU Toolchain arm-none-eabi/14.2 rel1/bin/../lib/gcc/arm-none-eabi/14.2.1/thumb/v7e-m+fp/hard\libc.a(libc_a-strtol.o)
 .text.strtol   0x08001e58       0x1c C:/Program Files (x86)/Arm GNU Toolchain arm-none-eabi/14.2 rel1/bin/../lib/gcc/arm-none-eabi/14.2.1/thumb/v7e-m+fp/hard\libc.a(libc_a-strtol.o)
                0x08001e58                strtol
 .text.__utoa   0x08001e74       0x9c C:/Program Files (x86)/Arm GNU Toolchain arm-none-eabi/14.2 rel1/bin/../lib/gcc/arm-none-eabi/14.2.1/thumb/v7e-m+fp/hard\libc.a(libc_a-utoa.o)
                0x08001e74                __utoa
 .text.memset   0x08001f10       0x9c C:/Program Files (x86)/Arm GNU Toolchain arm-none-eabi/14.2 rel1/bin/../lib/gcc/arm-none-eabi/14.2.1/thumb/v7e-m+fp/hard\libc.a(libc_a-memset.o)
                0x08001f10                memset
 .text.strncmp  0x08001fac       0x78 C:/Program Files (x86)/Arm GNU Toolchain arm-none-eabi/14.2 rel1/bin/../lib/gcc/arm-none-eabi/14.2.1/thumb/v7e-m+fp/hard\libc.a(libc_a-strncmp.o)
                0x08001fac                strncmp
 .text.strncpy  0x08002024       0x68 C:/Program Files (x86)/Arm GNU Toolchain arm-none-eabi/14.2 rel1/bin/../lib/gcc/arm-none-eabi/14.2.1/thumb/v7e-m+fp/hard\libc.a(libc_a-strncpy.o)
                0x08002024                strncpy
 .text.strtok   0x0800208c       0x10 C:/Program Files (x86)/Arm GNU Toolchain arm-none-eabi/14.2 rel1/bin/../lib/gcc/arm-none-eabi/14.2.1/thumb/v7e-m+fp/hard\libc.a(libc_a-strtok.o)
                0x0800208c                strtok
 .text.__strtok_r
                0x0800209c       0x64 C:/Program Files (x86)/Arm GNU Toolchain arm-none-eabi/14.2 rel1/bin/../lib/gcc/arm-none-eabi/14.2.1/thumb/v7e-m+fp/hard\libc.a(libc_a-strtok_r.o)
                0x0800209c                __strtok_r
 .text.__errno  0x08002100        0xc C:/Program Files (x86)/Arm GNU Toolchain arm-none-eabi/14.2 rel1/bin/../lib/gcc/arm-none-eabi/14.2.1/thumb/v7e-m+fp/hard\libc.a(libc_a-errno.o)
                0x08002100                __errno
 *(.glue_7)
 .glue_7        0x0800210c        0x0 linker stubs
 *(.glue_7t)
 .glue_7t       0x0800210c        0x0 linker stubs
 *(.eh_frame)
 *(.init)
 *(.fini)
                0x0800210c                        . = ALIGN (0x4)
                0x0800210c                        _etext = .

.vfp11_veneer   0x0800210c        0x0
 .vfp11_veneer  0x0800210c        0x0 linker stubs

.v4_bx          0x0800210c        0x0
 .v4_bx         0x0800210c        0x0 linker stubs

.iplt           0x0800210c        0x0
 .iplt          0x0800210c        0x0 src/firmware.o

.rodata         0x0800210c      0x1b0
                0x0800210c                        . = ALIGN (0x4)
 *(.rodata)
 .rodata        0x0800210c       0x12 src/firmware.o
 *(.rodata*)
 *fill*         0x0800211e        0x2 
 .rodata.rcc_hsi_configs
                0x08002120       0x70 ../libopencm3/lib\libopencm3_stm32f4.a(rcc.o)
                0x08002120                rcc_hsi_configs
 .rodata.__utoa.str1.4
                0x08002190       0x25 C:/Program Files (x86)/Arm GNU Toolchain arm-none-eabi/14.2 rel1/bin/../lib/gcc/arm-none-eabi/14.2.1/thumb/v7e-m+fp/hard\libc.a(libc_a-utoa.o)
 *fill*         0x080021b5        0x3 
 .rodata._ctype_
                0x080021b8      0x101 C:/Program Files (x86)/Arm GNU Toolchain arm-none-eabi/14.2 rel1/bin/../lib/gcc/arm-none-eabi/14.2.1/thumb/v7e-m+fp/hard\libc.a(libc_a-ctype_.o)
                0x080021b8                _ctype_
                0x080022bc                        . = ALIGN (0x4)
 *fill*         0x080022b9        0x3 
                0x080022c4                        _sidata = LOADADDR (.data)

.ARM.exidx      0x080022bc        0x8
 .ARM.exidx     0x080022bc        0x8 C:/Program Files (x86)/Arm GNU Toolchain arm-none-eabi/14.2 rel1/bin/../lib/gcc/arm-none-eabi/14.2.1/thumb/v7e-m+fp/hard\libc.a(libc_a-strlen.o)

.rel.dyn        0x080022c4        0x0
 .rel.iplt      0x080022c4        0x0 src/firmware.o

.data           0x20000000      0x158 load address 0x080022c4
                0x20000000                        . = ALIGN (0x4)
                0x20000000                        _sdata = .
 *(.data)
 .data          0x20000000        0x4 src/firmware.o
 *(.data*)
 .data.rcc_apb2_frequency
                0x20000004        0x4 ../libopencm3/lib\libopencm3_stm32f4.a(rcc.o)
                0x20000004                rcc_apb2_frequency
 .data.rcc_apb1_frequency
                0x20000008        0x4 ../libopencm3/lib\libopencm3_stm32f4.a(rcc.o)
                0x20000008                rcc_apb1_frequency
 .data.rcc_ahb_frequency
                0x2000000c        0x4 ../libopencm3/lib\libopencm3_stm32f4.a(rcc.o)
                0x2000000c                rcc_ahb_frequency
 .data._impure_ptr
                0x20000010        0x4 C:/Program Files (x86)/Arm GNU Toolchain arm-none-eabi/14.2 rel1/bin/../lib/gcc/arm-none-eabi/14.2.1/thumb/v7e-m+fp/hard\libc.a(libc_a-impure.o)
                0x20000010                _impure_ptr
 *fill*         0x20000014        0x4 
 .data._impure_data
                0x20000018      0x140 C:/Program Files (x86)/Arm GNU Toolchain arm-none-eabi/14.2 rel1/bin/../lib/gcc/arm-none-eabi/14.2.1/thumb/v7e-m+fp/hard\libc.a(libc_a-impure.o)
                0x20000018                _impure_data
                0x20000158                        . = ALIGN (0x4)
                0x20000158                        _edata = .

.igot.plt       0x20000158        0x0 load address 0x0800241c
 .igot.plt      0x20000158        0x0 src/firmware.o

.bss            0x20000158      0x260 load address 0x0800241c
                0x20000158                        . = ALIGN (0x4)
                0x20000158                        _sbss = .
                0x20000158                        __bss_start__ = _sbss
 *(.bss)
 .bss           0x20000158        0x8 ../shared/src/core/system.o
 .bss           0x20000160      0x120 ../shared/src/core/uart.o
 *(.bss*)
 .bss.__sf      0x20000280      0x138 C:/Program Files (x86)/Arm GNU Toolchain arm-none-eabi/14.2 rel1/bin/../lib/gcc/arm-none-eabi/14.2.1/thumb/v7e-m+fp/hard\libc.a(libc_a-findfp.o)
                0x20000280                __sf
 *(COMMON)
                0x200003b8                        . = ALIGN (0x4)
                0x200003b8                        _ebss = .
                0x200003b8                        __bss_end__ = _ebss
                0x200003b8                        . = ALIGN (0x4)
                0x200003b8                        _end = .
                0x200003b8                        PROVIDE (end = _end)
                0x20020000                        PROVIDE (_stack = (ORIGIN (RAM) + LENGTH (RAM)))
OUTPUT(firmware.elf elf32-littlearm)
LOAD linker stubs

.debug_info     0x00000000     0x4f8f
 .debug_info    0x00000000      0xa7d src/firmware.o
 .debug_info    0x00000a7d      0x1b5 ../shared/src/core/fw_flash.o
 .debug_info    0x00000c32      0x259 ../shared/src/core/ring-buffer.o
 .debug_info    0x00000e8b      0x2c8 ../shared/src/core/system.o
 .debug_info    0x00001153      0xa26 ../shared/src/core/uart.o
 .debug_info    0x00001b79      0x159 startup.o
 .debug_info    0x00001cd2       0xb9 ../libopencm3/lib\libopencm3_stm32f4.a(flash_common_f.o)
 .debug_info    0x00001d8b      0x43b ../libopencm3/lib\libopencm3_stm32f4.a(flash_common_f24.o)
 .debug_info    0x000021c6      0x256 ../libopencm3/lib\libopencm3_stm32f4.a(gpio_common_all.o)
 .debug_info    0x0000241c      0x21b ../libopencm3/lib\libopencm3_stm32f4.a(gpio_common_f0234.o)
 .debug_info    0x00002637      0x932 ../libopencm3/lib\libopencm3_stm32f4.a(rcc_common_all.o)
 .debug_info    0x00002f69      0xfa1 ../libopencm3/lib\libopencm3_stm32f4.a(rcc.o)
 .debug_info    0x00003f0a      0x665 ../libopencm3/lib\libopencm3_stm32f4.a(usart_common_all.o)
 .debug_info    0x0000456f      0x192 ../libopencm3/lib\libopencm3_stm32f4.a(usart_common_f124.o)
 .debug_info    0x00004701      0x28f ../libopencm3/lib\libopencm3_stm32f4.a(systick.o)
 .debug_info    0x00004990      0x239 ../libopencm3/lib\libopencm3_stm32f4.a(nvic.o)
 .debug_info    0x00004bc9      0x109 ../libopencm3/lib\libopencm3_stm32f4.a(flash.o)
 .debug_info    0x00004cd2       0xf1 ../libopencm3/lib\libopencm3_stm32f4.a(flash_common_all.o)
 .debug_info    0x00004dc3       0xe9 ../libopencm3/lib\libopencm3_stm32f4.a(flash_common_idcache.o)
 .debug_info    0x00004eac       0xe3 ../libopencm3/lib\libopencm3_stm32f4.a(pwr.o)

.debug_abbrev   0x00000000     0x166c
 .debug_abbrev  0x00000000      0x1cc src/firmware.o
 .debug_abbrev  0x000001cc      0x109 ../shared/src/core/fw_flash.o
 .debug_abbrev  0x000002d5       0xdb ../shared/src/core/ring-buffer.o
 .debug_abbrev  0x000003b0      0x18a ../shared/src/core/system.o
 .debug_abbrev  0x0000053a      0x1ca ../shared/src/core/uart.o
 .debug_abbrev  0x00000704       0xfc startup.o
 .debug_abbrev  0x00000800       0x56 ../libopencm3/lib\libopencm3_stm32f4.a(flash_common_f.o)
 .debug_abbrev  0x00000856      0x160 ../libopencm3/lib\libopencm3_stm32f4.a(flash_common_f24.o)
 .debug_abbrev  0x000009b6      0x115 ../libopencm3/lib\libopencm3_stm32f4.a(gpio_common_all.o)
 .debug_abbrev  0x00000acb       0xc2 ../libopencm3/lib\libopencm3_stm32f4.a(gpio_common_f0234.o)
 .debug_abbrev  0x00000b8d      0x185 ../libopencm3/lib\libopencm3_stm32f4.a(rcc_common_all.o)
 .debug_abbrev  0x00000d12      0x2da ../libopencm3/lib\libopencm3_stm32f4.a(rcc.o)
 .debug_abbrev  0x00000fec      0x1a9 ../libopencm3/lib\libopencm3_stm32f4.a(usart_common_all.o)
 .debug_abbrev  0x00001195       0xb6 ../libopencm3/lib\libopencm3_stm32f4.a(usart_common_f124.o)
 .debug_abbrev  0x0000124b      0x14e ../libopencm3/lib\libopencm3_stm32f4.a(systick.o)
 .debug_abbrev  0x00001399       0xb6 ../libopencm3/lib\libopencm3_stm32f4.a(nvic.o)
 .debug_abbrev  0x0000144f       0x9a ../libopencm3/lib\libopencm3_stm32f4.a(flash.o)
 .debug_abbrev  0x000014e9       0x96 ../libopencm3/lib\libopencm3_stm32f4.a(flash_common_all.o)
 .debug_abbrev  0x0000157f       0x56 ../libopencm3/lib\libopencm3_stm32f4.a(flash_common_idcache.o)
 .debug_abbrev  0x000015d5       0x97 ../libopencm3/lib\libopencm3_stm32f4.a(pwr.o)

.debug_aranges  0x00000000      0x658
 .debug_aranges
                0x00000000       0x20 src/firmware.o
 .debug_aranges
                0x00000020       0x20 ../shared/src/core/fw_flash.o
 .debug_aranges
                0x00000040       0x20 ../shared/src/core/ring-buffer.o
 .debug_aranges
                0x00000060       0x20 ../shared/src/core/system.o
 .debug_aranges
                0x00000080       0x20 ../shared/src/core/uart.o
 .debug_aranges
                0x000000a0       0x20 startup.o
 .debug_aranges
                0x000000c0       0x30 ../libopencm3/lib\libopencm3_stm32f4.a(flash_common_f.o)
 .debug_aranges
                0x000000f0       0x80 ../libopencm3/lib\libopencm3_stm32f4.a(flash_common_f24.o)
 .debug_aranges
                0x00000170       0x50 ../libopencm3/lib\libopencm3_stm32f4.a(gpio_common_all.o)
 .debug_aranges
                0x000001c0       0x30 ../libopencm3/lib\libopencm3_stm32f4.a(gpio_common_f0234.o)
 .debug_aranges
                0x000001f0       0x80 ../libopencm3/lib\libopencm3_stm32f4.a(rcc_common_all.o)
 .debug_aranges
                0x00000270      0x110 ../libopencm3/lib\libopencm3_stm32f4.a(rcc.o)
 .debug_aranges
                0x00000380       0xf0 ../libopencm3/lib\libopencm3_stm32f4.a(usart_common_all.o)
 .debug_aranges
                0x00000470       0x40 ../libopencm3/lib\libopencm3_stm32f4.a(usart_common_f124.o)
 .debug_aranges
                0x000004b0       0x78 ../libopencm3/lib\libopencm3_stm32f4.a(systick.o)
 .debug_aranges
                0x00000528       0x60 ../libopencm3/lib\libopencm3_stm32f4.a(nvic.o)
 .debug_aranges
                0x00000588       0x30 ../libopencm3/lib\libopencm3_stm32f4.a(flash.o)
 .debug_aranges
                0x000005b8       0x38 ../libopencm3/lib\libopencm3_stm32f4.a(flash_common_all.o)
 .debug_aranges
                0x000005f0       0x48 ../libopencm3/lib\libopencm3_stm32f4.a(flash_common_idcache.o)
 .debug_aranges
                0x00000638       0x20 ../libopencm3/lib\libopencm3_stm32f4.a(pwr.o)

.debug_line     0x00000000     0x587f
 .debug_line    0x00000000      0x814 src/firmware.o
 .debug_line    0x00000814      0x1be ../shared/src/core/fw_flash.o
 .debug_line    0x000009d2      0x1d2 ../shared/src/core/ring-buffer.o
 .debug_line    0x00000ba4      0x1c3 ../shared/src/core/system.o
 .debug_line    0x00000d67      0x3a5 ../shared/src/core/uart.o
 .debug_line    0x0000110c      0x143 startup.o
 .debug_line    0x0000124f      0x3ba ../libopencm3/lib\libopencm3_stm32f4.a(flash_common_f.o)
 .debug_line    0x00001609      0x61a ../libopencm3/lib\libopencm3_stm32f4.a(flash_common_f24.o)
 .debug_line    0x00001c23      0x450 ../libopencm3/lib\libopencm3_stm32f4.a(gpio_common_all.o)
 .debug_line    0x00002073      0x526 ../libopencm3/lib\libopencm3_stm32f4.a(gpio_common_f0234.o)
 .debug_line    0x00002599      0x4ee ../libopencm3/lib\libopencm3_stm32f4.a(rcc_common_all.o)
 .debug_line    0x00002a87      0xb5a ../libopencm3/lib\libopencm3_stm32f4.a(rcc.o)
 .debug_line    0x000035e1      0x72a ../libopencm3/lib\libopencm3_stm32f4.a(usart_common_all.o)
 .debug_line    0x00003d0b      0x446 ../libopencm3/lib\libopencm3_stm32f4.a(usart_common_f124.o)
 .debug_line    0x00004151      0x418 ../libopencm3/lib\libopencm3_stm32f4.a(systick.o)
 .debug_line    0x00004569      0x429 ../libopencm3/lib\libopencm3_stm32f4.a(nvic.o)
 .debug_line    0x00004992      0x3c7 ../libopencm3/lib\libopencm3_stm32f4.a(flash.o)
 .debug_line    0x00004d59      0x3f0 ../libopencm3/lib\libopencm3_stm32f4.a(flash_common_all.o)
 .debug_line    0x00005149      0x409 ../libopencm3/lib\libopencm3_stm32f4.a(flash_common_idcache.o)
 .debug_line    0x00005552      0x32d ../libopencm3/lib\libopencm3_stm32f4.a(pwr.o)

.debug_str      0x00000000     0xfa37
 .debug_str     0x00000000     0xfa37 src/firmware.o
                                0x9d8 (size before relaxing)
 .debug_str     0x0000fa37      0x1f3 ../shared/src/core/fw_flash.o
 .debug_str     0x0000fa37      0x24b ../shared/src/core/ring-buffer.o
 .debug_str     0x0000fa37      0x36b ../shared/src/core/system.o
 .debug_str     0x0000fa37      0xad7 ../shared/src/core/uart.o
 .debug_str     0x0000fa37      0x1b5 startup.o
 .debug_str     0x0000fa37     0x5a29 ../libopencm3/lib\libopencm3_stm32f4.a(flash_common_f.o)
 .debug_str     0x0000fa37     0x5bba ../libopencm3/lib\libopencm3_stm32f4.a(flash_common_f24.o)
 .debug_str     0x0000fa37     0x6701 ../libopencm3/lib\libopencm3_stm32f4.a(gpio_common_all.o)
 .debug_str     0x0000fa37     0x6723 ../libopencm3/lib\libopencm3_stm32f4.a(gpio_common_f0234.o)
 .debug_str     0x0000fa37     0x9ac0 ../libopencm3/lib\libopencm3_stm32f4.a(rcc_common_all.o)
 .debug_str     0x0000fa37     0xa335 ../libopencm3/lib\libopencm3_stm32f4.a(rcc.o)
 .debug_str     0x0000fa37     0xa582 ../libopencm3/lib\libopencm3_stm32f4.a(usart_common_all.o)
 .debug_str     0x0000fa37     0xa2ee ../libopencm3/lib\libopencm3_stm32f4.a(usart_common_f124.o)
 .debug_str     0x0000fa37     0x4619 ../libopencm3/lib\libopencm3_stm32f4.a(systick.o)
 .debug_str     0x0000fa37     0x6236 ../libopencm3/lib\libopencm3_stm32f4.a(nvic.o)
 .debug_str     0x0000fa37     0x5a95 ../libopencm3/lib\libopencm3_stm32f4.a(flash.o)
 .debug_str     0x0000fa37     0x5a58 ../libopencm3/lib\libopencm3_stm32f4.a(flash_common_all.o)
 .debug_str     0x0000fa37     0x5a7a ../libopencm3/lib\libopencm3_stm32f4.a(flash_common_idcache.o)
 .debug_str     0x0000fa37     0x56d4 ../libopencm3/lib\libopencm3_stm32f4.a(pwr.o)

.comment        0x00000000       0x45
 .comment       0x00000000       0x45 src/firmware.o
                                 0x46 (size before relaxing)
 .comment       0x00000045       0x46 ../shared/src/core/fw_flash.o
 .comment       0x00000045       0x46 ../shared/src/core/ring-buffer.o
 .comment       0x00000045       0x46 ../shared/src/core/system.o
 .comment       0x00000045       0x46 ../shared/src/core/uart.o
 .comment       0x00000045       0x46 startup.o
 .comment       0x00000045       0x46 ../libopencm3/lib\libopencm3_stm32f4.a(flash_common_f.o)
 .comment       0x00000045       0x46 ../libopencm3/lib\libopencm3_stm32f4.a(flash_common_f24.o)
 .comment       0x00000045       0x46 ../libopencm3/lib\libopencm3_stm32f4.a(gpio_common_all.o)
 .comment       0x00000045       0x46 ../libopencm3/lib\libopencm3_stm32f4.a(gpio_common_f0234.o)
 .comment       0x00000045       0x46 ../libopencm3/lib\libopencm3_stm32f4.a(rcc_common_all.o)
 .comment       0x00000045       0x46 ../libopencm3/lib\libopencm3_stm32f4.a(rcc.o)
 .comment       0x00000045       0x46 ../libopencm3/lib\libopencm3_stm32f4.a(usart_common_all.o)
 .comment       0x00000045       0x46 ../libopencm3/lib\libopencm3_stm32f4.a(usart_common_f124.o)
 .comment       0x00000045       0x46 ../libopencm3/lib\libopencm3_stm32f4.a(systick.o)
 .comment       0x00000045       0x46 ../libopencm3/lib\libopencm3_stm32f4.a(nvic.o)
 .comment       0x00000045       0x46 ../libopencm3/lib\libopencm3_stm32f4.a(flash.o)
 .comment       0x00000045       0x46 ../libopencm3/lib\libopencm3_stm32f4.a(flash_common_all.o)
 .comment       0x00000045       0x46 ../libopencm3/lib\libopencm3_stm32f4.a(flash_common_idcache.o)
 .comment       0x00000045       0x46 ../libopencm3/lib\libopencm3_stm32f4.a(pwr.o)

.ARM.attributes
                0x00000000       0x32
 .ARM.attributes
                0x00000000       0x34 src/firmware.o
 .ARM.attributes
                0x00000034       0x34 ../shared/src/core/fw_flash.o
 .ARM.attributes
                0x00000068       0x34 ../shared/src/core/ring-buffer.o
 .ARM.attributes
                0x0000009c       0x34 ../shared/src/core/system.o
 .ARM.attributes
                0x000000d0       0x34 ../shared/src/core/uart.o
 .ARM.attributes
                0x00000104       0x34 startup.o
 .ARM.attributes
                0x00000138       0x34 ../libopencm3/lib\libopencm3_stm32f4.a(flash_common_f.o)
 .ARM.attributes
                0x0000016c       0x34 ../libopencm3/lib\libopencm3_stm32f4.a(flash_common_f24.o)
 .ARM.attributes
                0x000001a0       0x34 ../libopencm3/lib\libopencm3_stm32f4.a(gpio_common_all.o)
 .ARM.attributes
                0x000001d4       0x34 ../libopencm3/lib\libopencm3_stm32f4.a(gpio_common_f0234.o)
 .ARM.attributes
                0x00000208       0x34 ../libopencm3/lib\libopencm3_stm32f4.a(rcc_common_all.o)
 .ARM.attributes
                0x0000023c       0x34 ../libopencm3/lib\libopencm3_stm32f4.a(rcc.o)
 .ARM.attributes
                0x00000270       0x34 ../libopencm3/lib\libopencm3_stm32f4.a(usart_common_all.o)
 .ARM.attributes
                0x000002a4       0x34 ../libopencm3/lib\libopencm3_stm32f4.a(usart_common_f124.o)
 .ARM.attributes
                0x000002d8       0x34 ../libopencm3/lib\libopencm3_stm32f4.a(systick.o)
 .ARM.attributes
                0x0000030c       0x34 ../libopencm3/lib\libopencm3_stm32f4.a(nvic.o)
 .ARM.attributes
                0x00000340       0x34 ../libopencm3/lib\libopencm3_stm32f4.a(flash.o)
 .ARM.attributes
                0x00000374       0x34 ../libopencm3/lib\libopencm3_stm32f4.a(flash_common_all.o)
 .ARM.attributes
                0x000003a8       0x34 ../libopencm3/lib\libopencm3_stm32f4.a(flash_common_idcache.o)
 .ARM.attributes
                0x000003dc       0x34 ../libopencm3/lib\libopencm3_stm32f4.a(pwr.o)
 .ARM.attributes
                0x00000410       0x34 C:/Program Files (x86)/Arm GNU Toolchain arm-none-eabi/14.2 rel1/bin/../lib/gcc/arm-none-eabi/14.2.1/thumb/v7e-m+fp/hard\libc.a(libc_a-atoi.o)
 .ARM.attributes
                0x00000444       0x34 C:/Program Files (x86)/Arm GNU Toolchain arm-none-eabi/14.2 rel1/bin/../lib/gcc/arm-none-eabi/14.2.1/thumb/v7e-m+fp/hard\libc.a(libc_a-itoa.o)
 .ARM.attributes
                0x00000478       0x34 C:/Program Files (x86)/Arm GNU Toolchain arm-none-eabi/14.2 rel1/bin/../lib/gcc/arm-none-eabi/14.2.1/thumb/v7e-m+fp/hard\libc.a(libc_a-strtol.o)
 .ARM.attributes
                0x000004ac       0x34 C:/Program Files (x86)/Arm GNU Toolchain arm-none-eabi/14.2 rel1/bin/../lib/gcc/arm-none-eabi/14.2.1/thumb/v7e-m+fp/hard\libc.a(libc_a-utoa.o)
 .ARM.attributes
                0x000004e0       0x34 C:/Program Files (x86)/Arm GNU Toolchain arm-none-eabi/14.2 rel1/bin/../lib/gcc/arm-none-eabi/14.2.1/thumb/v7e-m+fp/hard\libc.a(libc_a-ctype_.o)
 .ARM.attributes
                0x00000514       0x34 C:/Program Files (x86)/Arm GNU Toolchain arm-none-eabi/14.2 rel1/bin/../lib/gcc/arm-none-eabi/14.2.1/thumb/v7e-m+fp/hard\libc.a(libc_a-memset.o)
 .ARM.attributes
                0x00000548       0x34 C:/Program Files (x86)/Arm GNU Toolchain arm-none-eabi/14.2 rel1/bin/../lib/gcc/arm-none-eabi/14.2.1/thumb/v7e-m+fp/hard\libc.a(libc_a-strncmp.o)
 .ARM.attributes
                0x0000057c       0x34 C:/Program Files (x86)/Arm GNU Toolchain arm-none-eabi/14.2 rel1/bin/../lib/gcc/arm-none-eabi/14.2.1/thumb/v7e-m+fp/hard\libc.a(libc_a-strncpy.o)
 .ARM.attributes
                0x000005b0       0x34 C:/Program Files (x86)/Arm GNU Toolchain arm-none-eabi/14.2 rel1/bin/../lib/gcc/arm-none-eabi/14.2.1/thumb/v7e-m+fp/hard\libc.a(libc_a-strtok.o)
 .ARM.attributes
                0x000005e4       0x34 C:/Program Files (x86)/Arm GNU Toolchain arm-none-eabi/14.2 rel1/bin/../lib/gcc/arm-none-eabi/14.2.1/thumb/v7e-m+fp/hard\libc.a(libc_a-strtok_r.o)
 .ARM.attributes
                0x00000618       0x34 C:/Program Files (x86)/Arm GNU Toolchain arm-none-eabi/14.2 rel1/bin/../lib/gcc/arm-none-eabi/14.2.1/thumb/v7e-m+fp/hard\libc.a(libc_a-impure.o)
 .ARM.attributes
                0x0000064c       0x34 C:/Program Files (x86)/Arm GNU Toolchain arm-none-eabi/14.2 rel1/bin/../lib/gcc/arm-none-eabi/14.2.1/thumb/v7e-m+fp/hard\libc.a(libc_a-errno.o)
 .ARM.attributes
                0x00000680       0x1c C:/Program Files (x86)/Arm GNU Toolchain arm-none-eabi/14.2 rel1/bin/../lib/gcc/arm-none-eabi/14.2.1/thumb/v7e-m+fp/hard\libc.a(libc_a-strlen.o)
 .ARM.attributes
                0x0000069c       0x34 C:/Program Files (x86)/Arm GNU Toolchain arm-none-eabi/14.2 rel1/bin/../lib/gcc/arm-none-eabi/14.2.1/thumb/v7e-m+fp/hard\libc.a(libc_a-findfp.o)

.debug_frame    0x00000000     0x139c
 .debug_frame   0x00000000       0x78 src/firmware.o
 .debug_frame   0x00000078       0x80 ../shared/src/core/fw_flash.o
 .debug_frame   0x000000f8      0x100 ../shared/src/core/ring-buffer.o
 .debug_frame   0x000001f8       0xa4 ../shared/src/core/system.o
 .debug_frame   0x0000029c      0x258 ../shared/src/core/uart.o
 .debug_frame   0x000004f4       0x48 startup.o
 .debug_frame   0x0000053c       0x40 ../libopencm3/lib\libopencm3_stm32f4.a(flash_common_f.o)
 .debug_frame   0x0000057c      0x148 ../libopencm3/lib\libopencm3_stm32f4.a(flash_common_f24.o)
 .debug_frame   0x000006c4       0x80 ../libopencm3/lib\libopencm3_stm32f4.a(gpio_common_all.o)
 .debug_frame   0x00000744       0x70 ../libopencm3/lib\libopencm3_stm32f4.a(gpio_common_f0234.o)
 .debug_frame   0x000007b4       0xe0 ../libopencm3/lib\libopencm3_stm32f4.a(rcc_common_all.o)
 .debug_frame   0x00000894      0x234 ../libopencm3/lib\libopencm3_stm32f4.a(rcc.o)
 .debug_frame   0x00000ac8      0x1ec ../libopencm3/lib\libopencm3_stm32f4.a(usart_common_all.o)
 .debug_frame   0x00000cb4       0x60 ../libopencm3/lib\libopencm3_stm32f4.a(usart_common_f124.o)
 .debug_frame   0x00000d14       0xd8 ../libopencm3/lib\libopencm3_stm32f4.a(systick.o)
 .debug_frame   0x00000dec       0xa0 ../libopencm3/lib\libopencm3_stm32f4.a(nvic.o)
 .debug_frame   0x00000e8c       0x4c ../libopencm3/lib\libopencm3_stm32f4.a(flash.o)
 .debug_frame   0x00000ed8       0x50 ../libopencm3/lib\libopencm3_stm32f4.a(flash_common_all.o)
 .debug_frame   0x00000f28       0x70 ../libopencm3/lib\libopencm3_stm32f4.a(flash_common_idcache.o)
 .debug_frame   0x00000f98       0x20 ../libopencm3/lib\libopencm3_stm32f4.a(pwr.o)
 .debug_frame   0x00000fb8       0x30 C:/Program Files (x86)/Arm GNU Toolchain arm-none-eabi/14.2 rel1/bin/../lib/gcc/arm-none-eabi/14.2.1/thumb/v7e-m+fp/hard\libc.a(libc_a-atoi.o)
 .debug_frame   0x00000fe8       0x40 C:/Program Files (x86)/Arm GNU Toolchain arm-none-eabi/14.2 rel1/bin/../lib/gcc/arm-none-eabi/14.2.1/thumb/v7e-m+fp/hard\libc.a(libc_a-itoa.o)
 .debug_frame   0x00001028       0x80 C:/Program Files (x86)/Arm GNU Toolchain arm-none-eabi/14.2 rel1/bin/../lib/gcc/arm-none-eabi/14.2.1/thumb/v7e-m+fp/hard\libc.a(libc_a-strtol.o)
 .debug_frame   0x000010a8       0x4c C:/Program Files (x86)/Arm GNU Toolchain arm-none-eabi/14.2 rel1/bin/../lib/gcc/arm-none-eabi/14.2.1/thumb/v7e-m+fp/hard\libc.a(libc_a-utoa.o)
 .debug_frame   0x000010f4       0x20 C:/Program Files (x86)/Arm GNU Toolchain arm-none-eabi/14.2 rel1/bin/../lib/gcc/arm-none-eabi/14.2.1/thumb/v7e-m+fp/hard\libc.a(libc_a-ctype_.o)
 .debug_frame   0x00001114       0x2c C:/Program Files (x86)/Arm GNU Toolchain arm-none-eabi/14.2 rel1/bin/../lib/gcc/arm-none-eabi/14.2.1/thumb/v7e-m+fp/hard\libc.a(libc_a-memset.o)
 .debug_frame   0x00001140       0x38 C:/Program Files (x86)/Arm GNU Toolchain arm-none-eabi/14.2 rel1/bin/../lib/gcc/arm-none-eabi/14.2.1/thumb/v7e-m+fp/hard\libc.a(libc_a-strncmp.o)
 .debug_frame   0x00001178       0x28 C:/Program Files (x86)/Arm GNU Toolchain arm-none-eabi/14.2 rel1/bin/../lib/gcc/arm-none-eabi/14.2.1/thumb/v7e-m+fp/hard\libc.a(libc_a-strncpy.o)
 .debug_frame   0x000011a0       0x20 C:/Program Files (x86)/Arm GNU Toolchain arm-none-eabi/14.2 rel1/bin/../lib/gcc/arm-none-eabi/14.2.1/thumb/v7e-m+fp/hard\libc.a(libc_a-strtok.o)
 .debug_frame   0x000011c0       0x50 C:/Program Files (x86)/Arm GNU Toolchain arm-none-eabi/14.2 rel1/bin/../lib/gcc/arm-none-eabi/14.2.1/thumb/v7e-m+fp/hard\libc.a(libc_a-strtok_r.o)
 .debug_frame   0x00001210       0x20 C:/Program Files (x86)/Arm GNU Toolchain arm-none-eabi/14.2 rel1/bin/../lib/gcc/arm-none-eabi/14.2.1/thumb/v7e-m+fp/hard\libc.a(libc_a-errno.o)
 .debug_frame   0x00001230       0x30 C:/Program Files (x86)/Arm GNU Toolchain arm-none-eabi/14.2 rel1/bin/../lib/gcc/arm-none-eabi/14.2.1/thumb/v7e-m+fp/hard\libc.a(libc_a-strlen.o)
 .debug_frame   0x00001260      0x13c C:/Program Files (x86)/Arm GNU Toolchain arm-none-eabi/14.2 rel1/bin/../lib/gcc/arm-none-eabi/14.2.1/thumb/v7e-m+fp/hard\libc.a(libc_a-findfp.o)

.debug_rnglists
                0x00000000      0x411
 .debug_rnglists
                0x00000000       0x1f ../libopencm3/lib\libopencm3_stm32f4.a(flash_common_f.o)
 .debug_rnglists
                0x0000001f       0x5b ../libopencm3/lib\libopencm3_stm32f4.a(flash_common_f24.o)
 .debug_rnglists
                0x0000007a       0x37 ../libopencm3/lib\libopencm3_stm32f4.a(gpio_common_all.o)
 .debug_rnglists
                0x000000b1       0x1f ../libopencm3/lib\libopencm3_stm32f4.a(gpio_common_f0234.o)
 .debug_rnglists
                0x000000d0       0x5b ../libopencm3/lib\libopencm3_stm32f4.a(rcc_common_all.o)
 .debug_rnglists
                0x0000012b       0xe0 ../libopencm3/lib\libopencm3_stm32f4.a(rcc.o)
 .debug_rnglists
                0x0000020b       0xaf ../libopencm3/lib\libopencm3_stm32f4.a(usart_common_all.o)
 .debug_rnglists
                0x000002ba       0x2b ../libopencm3/lib\libopencm3_stm32f4.a(usart_common_f124.o)
 .debug_rnglists
                0x000002e5       0x61 ../libopencm3/lib\libopencm3_stm32f4.a(systick.o)
 .debug_rnglists
                0x00000346       0x43 ../libopencm3/lib\libopencm3_stm32f4.a(nvic.o)
 .debug_rnglists
                0x00000389       0x1f ../libopencm3/lib\libopencm3_stm32f4.a(flash.o)
 .debug_rnglists
                0x000003a8       0x25 ../libopencm3/lib\libopencm3_stm32f4.a(flash_common_all.o)
 .debug_rnglists
                0x000003cd       0x31 ../libopencm3/lib\libopencm3_stm32f4.a(flash_common_idcache.o)
 .debug_rnglists
                0x000003fe       0x13 ../libopencm3/lib\libopencm3_stm32f4.a(pwr.o)

.debug_macro    0x00000000     0x3e21
 .debug_macro   0x00000000       0xd7 ../libopencm3/lib\libopencm3_stm32f4.a(flash_common_f.o)
 .debug_macro   0x000000d7      0xacc ../libopencm3/lib\libopencm3_stm32f4.a(flash_common_f.o)
 .debug_macro   0x00000ba3       0x1c ../libopencm3/lib\libopencm3_stm32f4.a(flash_common_f.o)
 .debug_macro   0x00000bbf       0x22 ../libopencm3/lib\libopencm3_stm32f4.a(flash_common_f.o)
 .debug_macro   0x00000be1       0x56 ../libopencm3/lib\libopencm3_stm32f4.a(flash_common_f.o)
 .debug_macro   0x00000c37       0x51 ../libopencm3/lib\libopencm3_stm32f4.a(flash_common_f.o)
 .debug_macro   0x00000c88      0x103 ../libopencm3/lib\libopencm3_stm32f4.a(flash_common_f.o)
 .debug_macro   0x00000d8b       0x6a ../libopencm3/lib\libopencm3_stm32f4.a(flash_common_f.o)
 .debug_macro   0x00000df5      0x1df ../libopencm3/lib\libopencm3_stm32f4.a(flash_common_f.o)
 .debug_macro   0x00000fd4       0x22 ../libopencm3/lib\libopencm3_stm32f4.a(flash_common_f.o)
 .debug_macro   0x00000ff6       0xe8 ../libopencm3/lib\libopencm3_stm32f4.a(flash_common_f.o)
 .debug_macro   0x000010de       0x76 ../libopencm3/lib\libopencm3_stm32f4.a(flash_common_f.o)
 .debug_macro   0x00001154      0x280 ../libopencm3/lib\libopencm3_stm32f4.a(flash_common_f.o)
 .debug_macro   0x000013d4       0x1c ../libopencm3/lib\libopencm3_stm32f4.a(flash_common_f.o)
 .debug_macro   0x000013f0      0x143 ../libopencm3/lib\libopencm3_stm32f4.a(flash_common_f.o)
 .debug_macro   0x00001533       0x10 ../libopencm3/lib\libopencm3_stm32f4.a(flash_common_f.o)
 .debug_macro   0x00001543       0xd7 ../libopencm3/lib\libopencm3_stm32f4.a(flash_common_f24.o)
 .debug_macro   0x0000161a       0xd1 ../libopencm3/lib\libopencm3_stm32f4.a(gpio_common_all.o)
 .debug_macro   0x000016eb       0x76 ../libopencm3/lib\libopencm3_stm32f4.a(gpio_common_all.o)
 .debug_macro   0x00001761      0x37e ../libopencm3/lib\libopencm3_stm32f4.a(gpio_common_all.o)
 .debug_macro   0x00001adf       0xca ../libopencm3/lib\libopencm3_stm32f4.a(gpio_common_all.o)
 .debug_macro   0x00001ba9       0xd1 ../libopencm3/lib\libopencm3_stm32f4.a(gpio_common_f0234.o)
 .debug_macro   0x00001c7a       0xf0 ../libopencm3/lib\libopencm3_stm32f4.a(rcc_common_all.o)
 .debug_macro   0x00001d6a       0x8e ../libopencm3/lib\libopencm3_stm32f4.a(rcc_common_all.o)
 .debug_macro   0x00001df8       0x46 ../libopencm3/lib\libopencm3_stm32f4.a(rcc_common_all.o)
 .debug_macro   0x00001e3e      0xcea ../libopencm3/lib\libopencm3_stm32f4.a(rcc_common_all.o)
 .debug_macro   0x00002b28      0x124 ../libopencm3/lib\libopencm3_stm32f4.a(rcc.o)
 .debug_macro   0x00002c4c       0x16 ../libopencm3/lib\libopencm3_stm32f4.a(rcc.o)
 .debug_macro   0x00002c62      0x10b ../libopencm3/lib\libopencm3_stm32f4.a(usart_common_all.o)
 .debug_macro   0x00002d6d       0x94 ../libopencm3/lib\libopencm3_stm32f4.a(usart_common_all.o)
 .debug_macro   0x00002e01      0x29e ../libopencm3/lib\libopencm3_stm32f4.a(usart_common_all.o)
 .debug_macro   0x0000309f       0xa0 ../libopencm3/lib\libopencm3_stm32f4.a(usart_common_all.o)
 .debug_macro   0x0000313f      0x10b ../libopencm3/lib\libopencm3_stm32f4.a(usart_common_f124.o)
 .debug_macro   0x0000324a       0x92 ../libopencm3/lib\libopencm3_stm32f4.a(systick.o)
 .debug_macro   0x000032dc       0x69 ../libopencm3/lib\libopencm3_stm32f4.a(systick.o)
 .debug_macro   0x00003345       0xb3 ../libopencm3/lib\libopencm3_stm32f4.a(nvic.o)
 .debug_macro   0x000033f8       0x68 ../libopencm3/lib\libopencm3_stm32f4.a(nvic.o)
 .debug_macro   0x00003460      0x22c ../libopencm3/lib\libopencm3_stm32f4.a(nvic.o)
 .debug_macro   0x0000368c      0x458 ../libopencm3/lib\libopencm3_stm32f4.a(nvic.o)
 .debug_macro   0x00003ae4       0xd7 ../libopencm3/lib\libopencm3_stm32f4.a(flash.o)
 .debug_macro   0x00003bbb       0xd7 ../libopencm3/lib\libopencm3_stm32f4.a(flash_common_all.o)
 .debug_macro   0x00003c92       0xd7 ../libopencm3/lib\libopencm3_stm32f4.a(flash_common_idcache.o)
 .debug_macro   0x00003d69       0xb8 ../libopencm3/lib\libopencm3_stm32f4.a(pwr.o)

.debug_loclists
                0x00000000      0xefe
 .debug_loclists
                0x00000000      0x2d1 ../libopencm3/lib\libopencm3_stm32f4.a(flash_common_f24.o)
 .debug_loclists
                0x000002d1       0x96 ../libopencm3/lib\libopencm3_stm32f4.a(gpio_common_all.o)
 .debug_loclists
                0x00000367       0xf9 ../libopencm3/lib\libopencm3_stm32f4.a(gpio_common_f0234.o)
 .debug_loclists
                0x00000460       0x87 ../libopencm3/lib\libopencm3_stm32f4.a(rcc_common_all.o)
 .debug_loclists
                0x000004e7      0x52f ../libopencm3/lib\libopencm3_stm32f4.a(rcc.o)
 .debug_loclists
                0x00000a16      0x18e ../libopencm3/lib\libopencm3_stm32f4.a(usart_common_all.o)
 .debug_loclists
                0x00000ba4       0x79 ../libopencm3/lib\libopencm3_stm32f4.a(usart_common_f124.o)
 .debug_loclists
                0x00000c1d      0x192 ../libopencm3/lib\libopencm3_stm32f4.a(systick.o)
 .debug_loclists
                0x00000daf      0x111 ../libopencm3/lib\libopencm3_stm32f4.a(nvic.o)
 .debug_loclists
                0x00000ec0       0x17 ../libopencm3/lib\libopencm3_stm32f4.a(flash_common_all.o)
 .debug_loclists
                0x00000ed7       0x27 ../libopencm3/lib\libopencm3_stm32f4.a(pwr.o)

.debug_line_str
                0x00000000       0xe6
 .debug_line_str
                0x00000000       0xe6 C:/Program Files (x86)/Arm GNU Toolchain arm-none-eabi/14.2 rel1/bin/../lib/gcc/arm-none-eabi/14.2.1/thumb/v7e-m+fp/hard\libc.a(libc_a-strlen.o)
