Archive member included to satisfy reference by file (symbol)

../libopencm3/lib\libopencm3_stm32f4.a(gpio_common_all.o)
                              src/firmware.o (gpio_set)
../libopencm3/lib\libopencm3_stm32f4.a(gpio_common_f0234.o)
                              src/firmware.o (gpio_mode_setup)
../libopencm3/lib\libopencm3_stm32f4.a(rcc_common_all.o)
                              src/firmware.o (rcc_periph_clock_enable)
../libopencm3/lib\libopencm3_stm32f4.a(rcc.o)
                              ../shared/src/core/system.o (rcc_clock_setup_pll)
../libopencm3/lib\libopencm3_stm32f4.a(usart_common_all.o)
                              ../shared/src/core/uart.o (usart_set_baudrate)
../libopencm3/lib\libopencm3_stm32f4.a(usart_common_f124.o)
                              ../libopencm3/lib\libopencm3_stm32f4.a(usart_common_all.o) (usart_send)
../libopencm3/lib\libopencm3_stm32f4.a(systick.o)
                              ../shared/src/core/system.o (systick_set_frequency)
../libopencm3/lib\libopencm3_stm32f4.a(nvic.o)
                              ../shared/src/core/uart.o (nvic_enable_irq)
../libopencm3/lib\libopencm3_stm32f4.a(flash_common_all.o)
                              ../libopencm3/lib\libopencm3_stm32f4.a(rcc.o) (flash_set_ws)
../libopencm3/lib\libopencm3_stm32f4.a(flash_common_idcache.o)
                              ../libopencm3/lib\libopencm3_stm32f4.a(rcc.o) (flash_dcache_enable)
../libopencm3/lib\libopencm3_stm32f4.a(pwr.o)
                              ../libopencm3/lib\libopencm3_stm32f4.a(rcc.o) (pwr_set_vos_scale)

Discarded input sections

 .data          0x00000000        0x0 src/firmware.o
 .bss           0x00000000        0x0 src/firmware.o
 .data          0x00000000        0x0 ../shared/src/core/ring-buffer.o
 .bss           0x00000000        0x0 ../shared/src/core/ring-buffer.o
 .data          0x00000000        0x0 ../shared/src/core/system.o
 .data          0x00000000        0x0 ../shared/src/core/uart.o
 .data          0x00000000        0x0 startup.o
 .bss           0x00000000        0x0 startup.o
 .group         0x00000000        0xc ../libopencm3/lib\libopencm3_stm32f4.a(gpio_common_all.o)
 .group         0x00000000        0xc ../libopencm3/lib\libopencm3_stm32f4.a(gpio_common_all.o)
 .group         0x00000000        0xc ../libopencm3/lib\libopencm3_stm32f4.a(gpio_common_all.o)
 .group         0x00000000        0xc ../libopencm3/lib\libopencm3_stm32f4.a(gpio_common_all.o)
 .group         0x00000000        0xc ../libopencm3/lib\libopencm3_stm32f4.a(gpio_common_all.o)
 .group         0x00000000        0xc ../libopencm3/lib\libopencm3_stm32f4.a(gpio_common_all.o)
 .group         0x00000000        0xc ../libopencm3/lib\libopencm3_stm32f4.a(gpio_common_all.o)
 .group         0x00000000        0xc ../libopencm3/lib\libopencm3_stm32f4.a(gpio_common_all.o)
 .group         0x00000000        0xc ../libopencm3/lib\libopencm3_stm32f4.a(gpio_common_all.o)
 .group         0x00000000        0xc ../libopencm3/lib\libopencm3_stm32f4.a(gpio_common_all.o)
 .group         0x00000000        0xc ../libopencm3/lib\libopencm3_stm32f4.a(gpio_common_all.o)
 .group         0x00000000        0xc ../libopencm3/lib\libopencm3_stm32f4.a(gpio_common_all.o)
 .group         0x00000000        0xc ../libopencm3/lib\libopencm3_stm32f4.a(gpio_common_all.o)
 .group         0x00000000        0xc ../libopencm3/lib\libopencm3_stm32f4.a(gpio_common_all.o)
 .group         0x00000000        0xc ../libopencm3/lib\libopencm3_stm32f4.a(gpio_common_all.o)
 .text          0x00000000        0x0 ../libopencm3/lib\libopencm3_stm32f4.a(gpio_common_all.o)
 .data          0x00000000        0x0 ../libopencm3/lib\libopencm3_stm32f4.a(gpio_common_all.o)
 .bss           0x00000000        0x0 ../libopencm3/lib\libopencm3_stm32f4.a(gpio_common_all.o)
 .text.gpio_clear
                0x00000000        0x6 ../libopencm3/lib\libopencm3_stm32f4.a(gpio_common_all.o)
 .text.gpio_get
                0x00000000        0x6 ../libopencm3/lib\libopencm3_stm32f4.a(gpio_common_all.o)
 .text.gpio_port_read
                0x00000000        0x6 ../libopencm3/lib\libopencm3_stm32f4.a(gpio_common_all.o)
 .text.gpio_port_write
                0x00000000        0x4 ../libopencm3/lib\libopencm3_stm32f4.a(gpio_common_all.o)
 .text.gpio_port_config_lock
                0x00000000       0x10 ../libopencm3/lib\libopencm3_stm32f4.a(gpio_common_all.o)
 .group         0x00000000        0xc ../libopencm3/lib\libopencm3_stm32f4.a(gpio_common_f0234.o)
 .group         0x00000000        0xc ../libopencm3/lib\libopencm3_stm32f4.a(gpio_common_f0234.o)
 .group         0x00000000        0xc ../libopencm3/lib\libopencm3_stm32f4.a(gpio_common_f0234.o)
 .group         0x00000000        0xc ../libopencm3/lib\libopencm3_stm32f4.a(gpio_common_f0234.o)
 .group         0x00000000        0xc ../libopencm3/lib\libopencm3_stm32f4.a(gpio_common_f0234.o)
 .group         0x00000000        0xc ../libopencm3/lib\libopencm3_stm32f4.a(gpio_common_f0234.o)
 .group         0x00000000        0xc ../libopencm3/lib\libopencm3_stm32f4.a(gpio_common_f0234.o)
 .group         0x00000000        0xc ../libopencm3/lib\libopencm3_stm32f4.a(gpio_common_f0234.o)
 .group         0x00000000        0xc ../libopencm3/lib\libopencm3_stm32f4.a(gpio_common_f0234.o)
 .group         0x00000000        0xc ../libopencm3/lib\libopencm3_stm32f4.a(gpio_common_f0234.o)
 .group         0x00000000        0xc ../libopencm3/lib\libopencm3_stm32f4.a(gpio_common_f0234.o)
 .group         0x00000000        0xc ../libopencm3/lib\libopencm3_stm32f4.a(gpio_common_f0234.o)
 .group         0x00000000        0xc ../libopencm3/lib\libopencm3_stm32f4.a(gpio_common_f0234.o)
 .group         0x00000000        0xc ../libopencm3/lib\libopencm3_stm32f4.a(gpio_common_f0234.o)
 .group         0x00000000        0xc ../libopencm3/lib\libopencm3_stm32f4.a(gpio_common_f0234.o)
 .text          0x00000000        0x0 ../libopencm3/lib\libopencm3_stm32f4.a(gpio_common_f0234.o)
 .data          0x00000000        0x0 ../libopencm3/lib\libopencm3_stm32f4.a(gpio_common_f0234.o)
 .bss           0x00000000        0x0 ../libopencm3/lib\libopencm3_stm32f4.a(gpio_common_f0234.o)
 .text.gpio_set_output_options
                0x00000000       0x36 ../libopencm3/lib\libopencm3_stm32f4.a(gpio_common_f0234.o)
 .debug_macro   0x00000000      0xacc ../libopencm3/lib\libopencm3_stm32f4.a(gpio_common_f0234.o)
 .debug_macro   0x00000000       0x1c ../libopencm3/lib\libopencm3_stm32f4.a(gpio_common_f0234.o)
 .debug_macro   0x00000000       0x22 ../libopencm3/lib\libopencm3_stm32f4.a(gpio_common_f0234.o)
 .debug_macro   0x00000000       0x56 ../libopencm3/lib\libopencm3_stm32f4.a(gpio_common_f0234.o)
 .debug_macro   0x00000000       0x51 ../libopencm3/lib\libopencm3_stm32f4.a(gpio_common_f0234.o)
 .debug_macro   0x00000000      0x103 ../libopencm3/lib\libopencm3_stm32f4.a(gpio_common_f0234.o)
 .debug_macro   0x00000000       0x6a ../libopencm3/lib\libopencm3_stm32f4.a(gpio_common_f0234.o)
 .debug_macro   0x00000000      0x1df ../libopencm3/lib\libopencm3_stm32f4.a(gpio_common_f0234.o)
 .debug_macro   0x00000000       0x22 ../libopencm3/lib\libopencm3_stm32f4.a(gpio_common_f0234.o)
 .debug_macro   0x00000000       0xe8 ../libopencm3/lib\libopencm3_stm32f4.a(gpio_common_f0234.o)
 .debug_macro   0x00000000       0x76 ../libopencm3/lib\libopencm3_stm32f4.a(gpio_common_f0234.o)
 .debug_macro   0x00000000      0x280 ../libopencm3/lib\libopencm3_stm32f4.a(gpio_common_f0234.o)
 .debug_macro   0x00000000       0x76 ../libopencm3/lib\libopencm3_stm32f4.a(gpio_common_f0234.o)
 .debug_macro   0x00000000      0x37e ../libopencm3/lib\libopencm3_stm32f4.a(gpio_common_f0234.o)
 .debug_macro   0x00000000       0xca ../libopencm3/lib\libopencm3_stm32f4.a(gpio_common_f0234.o)
 .group         0x00000000        0xc ../libopencm3/lib\libopencm3_stm32f4.a(rcc_common_all.o)
 .group         0x00000000        0xc ../libopencm3/lib\libopencm3_stm32f4.a(rcc_common_all.o)
 .group         0x00000000        0xc ../libopencm3/lib\libopencm3_stm32f4.a(rcc_common_all.o)
 .group         0x00000000        0xc ../libopencm3/lib\libopencm3_stm32f4.a(rcc_common_all.o)
 .group         0x00000000        0xc ../libopencm3/lib\libopencm3_stm32f4.a(rcc_common_all.o)
 .group         0x00000000        0xc ../libopencm3/lib\libopencm3_stm32f4.a(rcc_common_all.o)
 .group         0x00000000        0xc ../libopencm3/lib\libopencm3_stm32f4.a(rcc_common_all.o)
 .group         0x00000000        0xc ../libopencm3/lib\libopencm3_stm32f4.a(rcc_common_all.o)
 .group         0x00000000        0xc ../libopencm3/lib\libopencm3_stm32f4.a(rcc_common_all.o)
 .group         0x00000000        0xc ../libopencm3/lib\libopencm3_stm32f4.a(rcc_common_all.o)
 .group         0x00000000        0xc ../libopencm3/lib\libopencm3_stm32f4.a(rcc_common_all.o)
 .group         0x00000000        0xc ../libopencm3/lib\libopencm3_stm32f4.a(rcc_common_all.o)
 .group         0x00000000        0xc ../libopencm3/lib\libopencm3_stm32f4.a(rcc_common_all.o)
 .group         0x00000000        0xc ../libopencm3/lib\libopencm3_stm32f4.a(rcc_common_all.o)
 .group         0x00000000        0xc ../libopencm3/lib\libopencm3_stm32f4.a(rcc_common_all.o)
 .text          0x00000000        0x0 ../libopencm3/lib\libopencm3_stm32f4.a(rcc_common_all.o)
 .data          0x00000000        0x0 ../libopencm3/lib\libopencm3_stm32f4.a(rcc_common_all.o)
 .bss           0x00000000        0x0 ../libopencm3/lib\libopencm3_stm32f4.a(rcc_common_all.o)
 .text.rcc_peripheral_enable_clock
                0x00000000        0x8 ../libopencm3/lib\libopencm3_stm32f4.a(rcc_common_all.o)
 .text.rcc_peripheral_disable_clock
                0x00000000        0xa ../libopencm3/lib\libopencm3_stm32f4.a(rcc_common_all.o)
 .text.rcc_peripheral_reset
                0x00000000        0x8 ../libopencm3/lib\libopencm3_stm32f4.a(rcc_common_all.o)
 .text.rcc_peripheral_clear_reset
                0x00000000        0xa ../libopencm3/lib\libopencm3_stm32f4.a(rcc_common_all.o)
 .text.rcc_periph_clock_disable
                0x00000000       0x1c ../libopencm3/lib\libopencm3_stm32f4.a(rcc_common_all.o)
 .text.rcc_periph_reset_pulse
                0x00000000       0x22 ../libopencm3/lib\libopencm3_stm32f4.a(rcc_common_all.o)
 .text.rcc_periph_reset_hold
                0x00000000        0x4 ../libopencm3/lib\libopencm3_stm32f4.a(rcc_common_all.o)
 .text.rcc_periph_reset_release
                0x00000000        0x4 ../libopencm3/lib\libopencm3_stm32f4.a(rcc_common_all.o)
 .text.rcc_set_mco
                0x00000000       0x18 ../libopencm3/lib\libopencm3_stm32f4.a(rcc_common_all.o)
 .text.rcc_osc_bypass_enable
                0x00000000       0x30 ../libopencm3/lib\libopencm3_stm32f4.a(rcc_common_all.o)
 .text.rcc_osc_bypass_disable
                0x00000000       0x30 ../libopencm3/lib\libopencm3_stm32f4.a(rcc_common_all.o)
 .text.rcc_get_div_from_hpre
                0x00000000       0x18 ../libopencm3/lib\libopencm3_stm32f4.a(rcc_common_all.o)
 .debug_macro   0x00000000      0xacc ../libopencm3/lib\libopencm3_stm32f4.a(rcc_common_all.o)
 .debug_macro   0x00000000       0x1c ../libopencm3/lib\libopencm3_stm32f4.a(rcc_common_all.o)
 .debug_macro   0x00000000       0x22 ../libopencm3/lib\libopencm3_stm32f4.a(rcc_common_all.o)
 .debug_macro   0x00000000       0x56 ../libopencm3/lib\libopencm3_stm32f4.a(rcc_common_all.o)
 .debug_macro   0x00000000       0x51 ../libopencm3/lib\libopencm3_stm32f4.a(rcc_common_all.o)
 .debug_macro   0x00000000      0x103 ../libopencm3/lib\libopencm3_stm32f4.a(rcc_common_all.o)
 .debug_macro   0x00000000       0x6a ../libopencm3/lib\libopencm3_stm32f4.a(rcc_common_all.o)
 .debug_macro   0x00000000      0x1df ../libopencm3/lib\libopencm3_stm32f4.a(rcc_common_all.o)
 .debug_macro   0x00000000       0x22 ../libopencm3/lib\libopencm3_stm32f4.a(rcc_common_all.o)
 .debug_macro   0x00000000       0xe8 ../libopencm3/lib\libopencm3_stm32f4.a(rcc_common_all.o)
 .debug_macro   0x00000000       0x76 ../libopencm3/lib\libopencm3_stm32f4.a(rcc_common_all.o)
 .debug_macro   0x00000000      0x280 ../libopencm3/lib\libopencm3_stm32f4.a(rcc_common_all.o)
 .group         0x00000000        0xc ../libopencm3/lib\libopencm3_stm32f4.a(rcc.o)
 .group         0x00000000        0xc ../libopencm3/lib\libopencm3_stm32f4.a(rcc.o)
 .group         0x00000000        0xc ../libopencm3/lib\libopencm3_stm32f4.a(rcc.o)
 .group         0x00000000        0xc ../libopencm3/lib\libopencm3_stm32f4.a(rcc.o)
 .group         0x00000000        0xc ../libopencm3/lib\libopencm3_stm32f4.a(rcc.o)
 .group         0x00000000        0xc ../libopencm3/lib\libopencm3_stm32f4.a(rcc.o)
 .group         0x00000000        0xc ../libopencm3/lib\libopencm3_stm32f4.a(rcc.o)
 .group         0x00000000        0xc ../libopencm3/lib\libopencm3_stm32f4.a(rcc.o)
 .group         0x00000000        0xc ../libopencm3/lib\libopencm3_stm32f4.a(rcc.o)
 .group         0x00000000        0xc ../libopencm3/lib\libopencm3_stm32f4.a(rcc.o)
 .group         0x00000000        0xc ../libopencm3/lib\libopencm3_stm32f4.a(rcc.o)
 .group         0x00000000        0xc ../libopencm3/lib\libopencm3_stm32f4.a(rcc.o)
 .group         0x00000000        0xc ../libopencm3/lib\libopencm3_stm32f4.a(rcc.o)
 .group         0x00000000        0xc ../libopencm3/lib\libopencm3_stm32f4.a(rcc.o)
 .group         0x00000000        0xc ../libopencm3/lib\libopencm3_stm32f4.a(rcc.o)
 .group         0x00000000        0xc ../libopencm3/lib\libopencm3_stm32f4.a(rcc.o)
 .group         0x00000000        0xc ../libopencm3/lib\libopencm3_stm32f4.a(rcc.o)
 .group         0x00000000        0xc ../libopencm3/lib\libopencm3_stm32f4.a(rcc.o)
 .group         0x00000000        0xc ../libopencm3/lib\libopencm3_stm32f4.a(rcc.o)
 .text          0x00000000        0x0 ../libopencm3/lib\libopencm3_stm32f4.a(rcc.o)
 .data          0x00000000        0x0 ../libopencm3/lib\libopencm3_stm32f4.a(rcc.o)
 .bss           0x00000000        0x0 ../libopencm3/lib\libopencm3_stm32f4.a(rcc.o)
 .text.rcc_osc_ready_int_clear
                0x00000000       0x6c ../libopencm3/lib\libopencm3_stm32f4.a(rcc.o)
 .text.rcc_osc_ready_int_enable
                0x00000000       0x6c ../libopencm3/lib\libopencm3_stm32f4.a(rcc.o)
 .text.rcc_osc_ready_int_disable
                0x00000000       0x6c ../libopencm3/lib\libopencm3_stm32f4.a(rcc.o)
 .text.rcc_osc_ready_int_flag
                0x00000000       0x6c ../libopencm3/lib\libopencm3_stm32f4.a(rcc.o)
 .text.rcc_css_int_clear
                0x00000000       0x14 ../libopencm3/lib\libopencm3_stm32f4.a(rcc.o)
 .text.rcc_css_int_flag
                0x00000000       0x10 ../libopencm3/lib\libopencm3_stm32f4.a(rcc.o)
 .text.rcc_wait_for_sysclk_status
                0x00000000       0x40 ../libopencm3/lib\libopencm3_stm32f4.a(rcc.o)
 .text.rcc_css_enable
                0x00000000       0x14 ../libopencm3/lib\libopencm3_stm32f4.a(rcc.o)
 .text.rcc_css_disable
                0x00000000       0x14 ../libopencm3/lib\libopencm3_stm32f4.a(rcc.o)
 .text.rcc_plli2s_config
                0x00000000       0x1c ../libopencm3/lib\libopencm3_stm32f4.a(rcc.o)
 .text.rcc_pllsai_config
                0x00000000       0x2c ../libopencm3/lib\libopencm3_stm32f4.a(rcc.o)
 .text.rcc_pllsai_postscalers
                0x00000000       0x28 ../libopencm3/lib\libopencm3_stm32f4.a(rcc.o)
 .text.rcc_set_pll_source
                0x00000000       0x18 ../libopencm3/lib\libopencm3_stm32f4.a(rcc.o)
 .text.rcc_set_rtcpre
                0x00000000       0x18 ../libopencm3/lib\libopencm3_stm32f4.a(rcc.o)
 .text.rcc_system_clock_source
                0x00000000       0x10 ../libopencm3/lib\libopencm3_stm32f4.a(rcc.o)
 .text.rcc_clock_setup_hse_3v3
                0x00000000        0x4 ../libopencm3/lib\libopencm3_stm32f4.a(rcc.o)
 .text.rcc_get_timer_clk_freq
                0x00000000       0x34 ../libopencm3/lib\libopencm3_stm32f4.a(rcc.o)
 .text.rcc_get_i2c_clk_freq
                0x00000000        0xc ../libopencm3/lib\libopencm3_stm32f4.a(rcc.o)
 .text.rcc_get_spi_clk_freq
                0x00000000       0x20 ../libopencm3/lib\libopencm3_stm32f4.a(rcc.o)
 .rodata.rcc_hse_25mhz_3v3
                0x00000000       0x70 ../libopencm3/lib\libopencm3_stm32f4.a(rcc.o)
 .rodata.rcc_hse_16mhz_3v3
                0x00000000       0x70 ../libopencm3/lib\libopencm3_stm32f4.a(rcc.o)
 .rodata.rcc_hse_12mhz_3v3
                0x00000000       0x70 ../libopencm3/lib\libopencm3_stm32f4.a(rcc.o)
 .rodata.rcc_hse_8mhz_3v3
                0x00000000       0x70 ../libopencm3/lib\libopencm3_stm32f4.a(rcc.o)
 .debug_macro   0x00000000      0xacc ../libopencm3/lib\libopencm3_stm32f4.a(rcc.o)
 .debug_macro   0x00000000       0x1c ../libopencm3/lib\libopencm3_stm32f4.a(rcc.o)
 .debug_macro   0x00000000       0x22 ../libopencm3/lib\libopencm3_stm32f4.a(rcc.o)
 .debug_macro   0x00000000       0x56 ../libopencm3/lib\libopencm3_stm32f4.a(rcc.o)
 .debug_macro   0x00000000       0x51 ../libopencm3/lib\libopencm3_stm32f4.a(rcc.o)
 .debug_macro   0x00000000      0x103 ../libopencm3/lib\libopencm3_stm32f4.a(rcc.o)
 .debug_macro   0x00000000       0x6a ../libopencm3/lib\libopencm3_stm32f4.a(rcc.o)
 .debug_macro   0x00000000      0x1df ../libopencm3/lib\libopencm3_stm32f4.a(rcc.o)
 .debug_macro   0x00000000       0x22 ../libopencm3/lib\libopencm3_stm32f4.a(rcc.o)
 .debug_macro   0x00000000       0xe8 ../libopencm3/lib\libopencm3_stm32f4.a(rcc.o)
 .debug_macro   0x00000000       0x76 ../libopencm3/lib\libopencm3_stm32f4.a(rcc.o)
 .debug_macro   0x00000000      0x280 ../libopencm3/lib\libopencm3_stm32f4.a(rcc.o)
 .debug_macro   0x00000000       0x8e ../libopencm3/lib\libopencm3_stm32f4.a(rcc.o)
 .debug_macro   0x00000000       0x46 ../libopencm3/lib\libopencm3_stm32f4.a(rcc.o)
 .debug_macro   0x00000000      0xcea ../libopencm3/lib\libopencm3_stm32f4.a(rcc.o)
 .group         0x00000000        0xc ../libopencm3/lib\libopencm3_stm32f4.a(usart_common_all.o)
 .group         0x00000000        0xc ../libopencm3/lib\libopencm3_stm32f4.a(usart_common_all.o)
 .group         0x00000000        0xc ../libopencm3/lib\libopencm3_stm32f4.a(usart_common_all.o)
 .group         0x00000000        0xc ../libopencm3/lib\libopencm3_stm32f4.a(usart_common_all.o)
 .group         0x00000000        0xc ../libopencm3/lib\libopencm3_stm32f4.a(usart_common_all.o)
 .group         0x00000000        0xc ../libopencm3/lib\libopencm3_stm32f4.a(usart_common_all.o)
 .group         0x00000000        0xc ../libopencm3/lib\libopencm3_stm32f4.a(usart_common_all.o)
 .group         0x00000000        0xc ../libopencm3/lib\libopencm3_stm32f4.a(usart_common_all.o)
 .group         0x00000000        0xc ../libopencm3/lib\libopencm3_stm32f4.a(usart_common_all.o)
 .group         0x00000000        0xc ../libopencm3/lib\libopencm3_stm32f4.a(usart_common_all.o)
 .group         0x00000000        0xc ../libopencm3/lib\libopencm3_stm32f4.a(usart_common_all.o)
 .group         0x00000000        0xc ../libopencm3/lib\libopencm3_stm32f4.a(usart_common_all.o)
 .group         0x00000000        0xc ../libopencm3/lib\libopencm3_stm32f4.a(usart_common_all.o)
 .group         0x00000000        0xc ../libopencm3/lib\libopencm3_stm32f4.a(usart_common_all.o)
 .group         0x00000000        0xc ../libopencm3/lib\libopencm3_stm32f4.a(usart_common_all.o)
 .group         0x00000000        0xc ../libopencm3/lib\libopencm3_stm32f4.a(usart_common_all.o)
 .group         0x00000000        0xc ../libopencm3/lib\libopencm3_stm32f4.a(usart_common_all.o)
 .group         0x00000000        0xc ../libopencm3/lib\libopencm3_stm32f4.a(usart_common_all.o)
 .text          0x00000000        0x0 ../libopencm3/lib\libopencm3_stm32f4.a(usart_common_all.o)
 .data          0x00000000        0x0 ../libopencm3/lib\libopencm3_stm32f4.a(usart_common_all.o)
 .bss           0x00000000        0x0 ../libopencm3/lib\libopencm3_stm32f4.a(usart_common_all.o)
 .text.usart_get_databits
                0x00000000        0xe ../libopencm3/lib\libopencm3_stm32f4.a(usart_common_all.o)
 .text.usart_get_stopbits
                0x00000000        0x8 ../libopencm3/lib\libopencm3_stm32f4.a(usart_common_all.o)
 .text.usart_get_parity
                0x00000000        0x8 ../libopencm3/lib\libopencm3_stm32f4.a(usart_common_all.o)
 .text.usart_disable
                0x00000000        0xa ../libopencm3/lib\libopencm3_stm32f4.a(usart_common_all.o)
 .text.usart_recv_blocking
                0x00000000       0x12 ../libopencm3/lib\libopencm3_stm32f4.a(usart_common_all.o)
 .text.usart_enable_rx_dma
                0x00000000        0xa ../libopencm3/lib\libopencm3_stm32f4.a(usart_common_all.o)
 .text.usart_disable_rx_dma
                0x00000000        0xa ../libopencm3/lib\libopencm3_stm32f4.a(usart_common_all.o)
 .text.usart_enable_tx_dma
                0x00000000        0xa ../libopencm3/lib\libopencm3_stm32f4.a(usart_common_all.o)
 .text.usart_disable_tx_dma
                0x00000000        0xa ../libopencm3/lib\libopencm3_stm32f4.a(usart_common_all.o)
 .text.usart_disable_rx_interrupt
                0x00000000        0xa ../libopencm3/lib\libopencm3_stm32f4.a(usart_common_all.o)
 .text.usart_enable_tx_interrupt
                0x00000000        0xa ../libopencm3/lib\libopencm3_stm32f4.a(usart_common_all.o)
 .text.usart_disable_tx_interrupt
                0x00000000        0xa ../libopencm3/lib\libopencm3_stm32f4.a(usart_common_all.o)
 .text.usart_enable_tx_complete_interrupt
                0x00000000        0xa ../libopencm3/lib\libopencm3_stm32f4.a(usart_common_all.o)
 .text.usart_disable_tx_complete_interrupt
                0x00000000        0xa ../libopencm3/lib\libopencm3_stm32f4.a(usart_common_all.o)
 .text.usart_enable_idle_interrupt
                0x00000000        0xa ../libopencm3/lib\libopencm3_stm32f4.a(usart_common_all.o)
 .text.usart_disable_idle_interrupt
                0x00000000        0xa ../libopencm3/lib\libopencm3_stm32f4.a(usart_common_all.o)
 .text.usart_enable_error_interrupt
                0x00000000        0xa ../libopencm3/lib\libopencm3_stm32f4.a(usart_common_all.o)
 .text.usart_disable_error_interrupt
                0x00000000        0xa ../libopencm3/lib\libopencm3_stm32f4.a(usart_common_all.o)
 .debug_macro   0x00000000      0xacc ../libopencm3/lib\libopencm3_stm32f4.a(usart_common_all.o)
 .debug_macro   0x00000000       0x1c ../libopencm3/lib\libopencm3_stm32f4.a(usart_common_all.o)
 .debug_macro   0x00000000       0x22 ../libopencm3/lib\libopencm3_stm32f4.a(usart_common_all.o)
 .debug_macro   0x00000000       0x56 ../libopencm3/lib\libopencm3_stm32f4.a(usart_common_all.o)
 .debug_macro   0x00000000       0x51 ../libopencm3/lib\libopencm3_stm32f4.a(usart_common_all.o)
 .debug_macro   0x00000000      0x103 ../libopencm3/lib\libopencm3_stm32f4.a(usart_common_all.o)
 .debug_macro   0x00000000       0x6a ../libopencm3/lib\libopencm3_stm32f4.a(usart_common_all.o)
 .debug_macro   0x00000000      0x1df ../libopencm3/lib\libopencm3_stm32f4.a(usart_common_all.o)
 .debug_macro   0x00000000       0x22 ../libopencm3/lib\libopencm3_stm32f4.a(usart_common_all.o)
 .debug_macro   0x00000000       0xe8 ../libopencm3/lib\libopencm3_stm32f4.a(usart_common_all.o)
 .debug_macro   0x00000000       0x76 ../libopencm3/lib\libopencm3_stm32f4.a(usart_common_all.o)
 .debug_macro   0x00000000      0x280 ../libopencm3/lib\libopencm3_stm32f4.a(usart_common_all.o)
 .debug_macro   0x00000000       0x8e ../libopencm3/lib\libopencm3_stm32f4.a(usart_common_all.o)
 .debug_macro   0x00000000       0x46 ../libopencm3/lib\libopencm3_stm32f4.a(usart_common_all.o)
 .debug_macro   0x00000000      0xcea ../libopencm3/lib\libopencm3_stm32f4.a(usart_common_all.o)
 .group         0x00000000        0xc ../libopencm3/lib\libopencm3_stm32f4.a(usart_common_f124.o)
 .group         0x00000000        0xc ../libopencm3/lib\libopencm3_stm32f4.a(usart_common_f124.o)
 .group         0x00000000        0xc ../libopencm3/lib\libopencm3_stm32f4.a(usart_common_f124.o)
 .group         0x00000000        0xc ../libopencm3/lib\libopencm3_stm32f4.a(usart_common_f124.o)
 .group         0x00000000        0xc ../libopencm3/lib\libopencm3_stm32f4.a(usart_common_f124.o)
 .group         0x00000000        0xc ../libopencm3/lib\libopencm3_stm32f4.a(usart_common_f124.o)
 .group         0x00000000        0xc ../libopencm3/lib\libopencm3_stm32f4.a(usart_common_f124.o)
 .group         0x00000000        0xc ../libopencm3/lib\libopencm3_stm32f4.a(usart_common_f124.o)
 .group         0x00000000        0xc ../libopencm3/lib\libopencm3_stm32f4.a(usart_common_f124.o)
 .group         0x00000000        0xc ../libopencm3/lib\libopencm3_stm32f4.a(usart_common_f124.o)
 .group         0x00000000        0xc ../libopencm3/lib\libopencm3_stm32f4.a(usart_common_f124.o)
 .group         0x00000000        0xc ../libopencm3/lib\libopencm3_stm32f4.a(usart_common_f124.o)
 .group         0x00000000        0xc ../libopencm3/lib\libopencm3_stm32f4.a(usart_common_f124.o)
 .group         0x00000000        0xc ../libopencm3/lib\libopencm3_stm32f4.a(usart_common_f124.o)
 .group         0x00000000        0xc ../libopencm3/lib\libopencm3_stm32f4.a(usart_common_f124.o)
 .group         0x00000000        0xc ../libopencm3/lib\libopencm3_stm32f4.a(usart_common_f124.o)
 .group         0x00000000        0xc ../libopencm3/lib\libopencm3_stm32f4.a(usart_common_f124.o)
 .group         0x00000000        0xc ../libopencm3/lib\libopencm3_stm32f4.a(usart_common_f124.o)
 .text          0x00000000        0x0 ../libopencm3/lib\libopencm3_stm32f4.a(usart_common_f124.o)
 .data          0x00000000        0x0 ../libopencm3/lib\libopencm3_stm32f4.a(usart_common_f124.o)
 .bss           0x00000000        0x0 ../libopencm3/lib\libopencm3_stm32f4.a(usart_common_f124.o)
 .text.usart_wait_recv_ready
                0x00000000        0x8 ../libopencm3/lib\libopencm3_stm32f4.a(usart_common_f124.o)
 .debug_macro   0x00000000      0xacc ../libopencm3/lib\libopencm3_stm32f4.a(usart_common_f124.o)
 .debug_macro   0x00000000       0x1c ../libopencm3/lib\libopencm3_stm32f4.a(usart_common_f124.o)
 .debug_macro   0x00000000       0x22 ../libopencm3/lib\libopencm3_stm32f4.a(usart_common_f124.o)
 .debug_macro   0x00000000       0x56 ../libopencm3/lib\libopencm3_stm32f4.a(usart_common_f124.o)
 .debug_macro   0x00000000       0x51 ../libopencm3/lib\libopencm3_stm32f4.a(usart_common_f124.o)
 .debug_macro   0x00000000      0x103 ../libopencm3/lib\libopencm3_stm32f4.a(usart_common_f124.o)
 .debug_macro   0x00000000       0x6a ../libopencm3/lib\libopencm3_stm32f4.a(usart_common_f124.o)
 .debug_macro   0x00000000      0x1df ../libopencm3/lib\libopencm3_stm32f4.a(usart_common_f124.o)
 .debug_macro   0x00000000       0x22 ../libopencm3/lib\libopencm3_stm32f4.a(usart_common_f124.o)
 .debug_macro   0x00000000       0xe8 ../libopencm3/lib\libopencm3_stm32f4.a(usart_common_f124.o)
 .debug_macro   0x00000000       0x76 ../libopencm3/lib\libopencm3_stm32f4.a(usart_common_f124.o)
 .debug_macro   0x00000000      0x280 ../libopencm3/lib\libopencm3_stm32f4.a(usart_common_f124.o)
 .debug_macro   0x00000000       0x94 ../libopencm3/lib\libopencm3_stm32f4.a(usart_common_f124.o)
 .debug_macro   0x00000000      0x29e ../libopencm3/lib\libopencm3_stm32f4.a(usart_common_f124.o)
 .debug_macro   0x00000000       0xa0 ../libopencm3/lib\libopencm3_stm32f4.a(usart_common_f124.o)
 .debug_macro   0x00000000       0x8e ../libopencm3/lib\libopencm3_stm32f4.a(usart_common_f124.o)
 .debug_macro   0x00000000       0x46 ../libopencm3/lib\libopencm3_stm32f4.a(usart_common_f124.o)
 .debug_macro   0x00000000      0xcea ../libopencm3/lib\libopencm3_stm32f4.a(usart_common_f124.o)
 .group         0x00000000        0xc ../libopencm3/lib\libopencm3_stm32f4.a(systick.o)
 .group         0x00000000        0xc ../libopencm3/lib\libopencm3_stm32f4.a(systick.o)
 .group         0x00000000        0xc ../libopencm3/lib\libopencm3_stm32f4.a(systick.o)
 .group         0x00000000        0xc ../libopencm3/lib\libopencm3_stm32f4.a(systick.o)
 .group         0x00000000        0xc ../libopencm3/lib\libopencm3_stm32f4.a(systick.o)
 .group         0x00000000        0xc ../libopencm3/lib\libopencm3_stm32f4.a(systick.o)
 .group         0x00000000        0xc ../libopencm3/lib\libopencm3_stm32f4.a(systick.o)
 .group         0x00000000        0xc ../libopencm3/lib\libopencm3_stm32f4.a(systick.o)
 .group         0x00000000        0xc ../libopencm3/lib\libopencm3_stm32f4.a(systick.o)
 .group         0x00000000        0xc ../libopencm3/lib\libopencm3_stm32f4.a(systick.o)
 .group         0x00000000        0xc ../libopencm3/lib\libopencm3_stm32f4.a(systick.o)
 .group         0x00000000        0xc ../libopencm3/lib\libopencm3_stm32f4.a(systick.o)
 .text          0x00000000        0x0 ../libopencm3/lib\libopencm3_stm32f4.a(systick.o)
 .data          0x00000000        0x0 ../libopencm3/lib\libopencm3_stm32f4.a(systick.o)
 .bss           0x00000000        0x0 ../libopencm3/lib\libopencm3_stm32f4.a(systick.o)
 .text.systick_set_reload
                0x00000000        0xc ../libopencm3/lib\libopencm3_stm32f4.a(systick.o)
 .text.systick_get_reload
                0x00000000        0xc ../libopencm3/lib\libopencm3_stm32f4.a(systick.o)
 .text.systick_get_value
                0x00000000        0xc ../libopencm3/lib\libopencm3_stm32f4.a(systick.o)
 .text.systick_interrupt_disable
                0x00000000        0xe ../libopencm3/lib\libopencm3_stm32f4.a(systick.o)
 .text.systick_counter_disable
                0x00000000        0xe ../libopencm3/lib\libopencm3_stm32f4.a(systick.o)
 .text.systick_get_countflag
                0x00000000        0xc ../libopencm3/lib\libopencm3_stm32f4.a(systick.o)
 .text.systick_clear
                0x00000000        0xa ../libopencm3/lib\libopencm3_stm32f4.a(systick.o)
 .text.systick_get_calib
                0x00000000        0xc ../libopencm3/lib\libopencm3_stm32f4.a(systick.o)
 .debug_macro   0x00000000      0xacc ../libopencm3/lib\libopencm3_stm32f4.a(systick.o)
 .debug_macro   0x00000000       0x76 ../libopencm3/lib\libopencm3_stm32f4.a(systick.o)
 .debug_macro   0x00000000       0x1c ../libopencm3/lib\libopencm3_stm32f4.a(systick.o)
 .debug_macro   0x00000000       0x22 ../libopencm3/lib\libopencm3_stm32f4.a(systick.o)
 .debug_macro   0x00000000       0x56 ../libopencm3/lib\libopencm3_stm32f4.a(systick.o)
 .debug_macro   0x00000000       0x51 ../libopencm3/lib\libopencm3_stm32f4.a(systick.o)
 .debug_macro   0x00000000      0x103 ../libopencm3/lib\libopencm3_stm32f4.a(systick.o)
 .debug_macro   0x00000000       0x6a ../libopencm3/lib\libopencm3_stm32f4.a(systick.o)
 .debug_macro   0x00000000      0x1df ../libopencm3/lib\libopencm3_stm32f4.a(systick.o)
 .debug_macro   0x00000000       0x22 ../libopencm3/lib\libopencm3_stm32f4.a(systick.o)
 .debug_macro   0x00000000       0xe8 ../libopencm3/lib\libopencm3_stm32f4.a(systick.o)
 .group         0x00000000        0xc ../libopencm3/lib\libopencm3_stm32f4.a(nvic.o)
 .group         0x00000000        0xc ../libopencm3/lib\libopencm3_stm32f4.a(nvic.o)
 .group         0x00000000        0xc ../libopencm3/lib\libopencm3_stm32f4.a(nvic.o)
 .group         0x00000000        0xc ../libopencm3/lib\libopencm3_stm32f4.a(nvic.o)
 .group         0x00000000        0xc ../libopencm3/lib\libopencm3_stm32f4.a(nvic.o)
 .group         0x00000000        0xc ../libopencm3/lib\libopencm3_stm32f4.a(nvic.o)
 .group         0x00000000        0xc ../libopencm3/lib\libopencm3_stm32f4.a(nvic.o)
 .group         0x00000000        0xc ../libopencm3/lib\libopencm3_stm32f4.a(nvic.o)
 .group         0x00000000        0xc ../libopencm3/lib\libopencm3_stm32f4.a(nvic.o)
 .group         0x00000000        0xc ../libopencm3/lib\libopencm3_stm32f4.a(nvic.o)
 .group         0x00000000        0xc ../libopencm3/lib\libopencm3_stm32f4.a(nvic.o)
 .group         0x00000000        0xc ../libopencm3/lib\libopencm3_stm32f4.a(nvic.o)
 .group         0x00000000        0xc ../libopencm3/lib\libopencm3_stm32f4.a(nvic.o)
 .group         0x00000000        0xc ../libopencm3/lib\libopencm3_stm32f4.a(nvic.o)
 .text          0x00000000        0x0 ../libopencm3/lib\libopencm3_stm32f4.a(nvic.o)
 .data          0x00000000        0x0 ../libopencm3/lib\libopencm3_stm32f4.a(nvic.o)
 .bss           0x00000000        0x0 ../libopencm3/lib\libopencm3_stm32f4.a(nvic.o)
 .text.nvic_disable_irq
                0x00000000       0x18 ../libopencm3/lib\libopencm3_stm32f4.a(nvic.o)
 .text.nvic_get_pending_irq
                0x00000000       0x24 ../libopencm3/lib\libopencm3_stm32f4.a(nvic.o)
 .text.nvic_set_pending_irq
                0x00000000       0x18 ../libopencm3/lib\libopencm3_stm32f4.a(nvic.o)
 .text.nvic_clear_pending_irq
                0x00000000       0x18 ../libopencm3/lib\libopencm3_stm32f4.a(nvic.o)
 .text.nvic_get_irq_enabled
                0x00000000       0x24 ../libopencm3/lib\libopencm3_stm32f4.a(nvic.o)
 .text.nvic_set_priority
                0x00000000       0x20 ../libopencm3/lib\libopencm3_stm32f4.a(nvic.o)
 .text.nvic_get_active_irq
                0x00000000       0x24 ../libopencm3/lib\libopencm3_stm32f4.a(nvic.o)
 .text.nvic_generate_software_interrupt
                0x00000000       0x14 ../libopencm3/lib\libopencm3_stm32f4.a(nvic.o)
 .debug_macro   0x00000000      0xacc ../libopencm3/lib\libopencm3_stm32f4.a(nvic.o)
 .debug_macro   0x00000000       0x1c ../libopencm3/lib\libopencm3_stm32f4.a(nvic.o)
 .debug_macro   0x00000000       0x22 ../libopencm3/lib\libopencm3_stm32f4.a(nvic.o)
 .debug_macro   0x00000000       0x56 ../libopencm3/lib\libopencm3_stm32f4.a(nvic.o)
 .debug_macro   0x00000000       0x51 ../libopencm3/lib\libopencm3_stm32f4.a(nvic.o)
 .debug_macro   0x00000000      0x103 ../libopencm3/lib\libopencm3_stm32f4.a(nvic.o)
 .debug_macro   0x00000000       0x6a ../libopencm3/lib\libopencm3_stm32f4.a(nvic.o)
 .debug_macro   0x00000000      0x1df ../libopencm3/lib\libopencm3_stm32f4.a(nvic.o)
 .debug_macro   0x00000000       0x22 ../libopencm3/lib\libopencm3_stm32f4.a(nvic.o)
 .debug_macro   0x00000000       0xe8 ../libopencm3/lib\libopencm3_stm32f4.a(nvic.o)
 .debug_macro   0x00000000       0x76 ../libopencm3/lib\libopencm3_stm32f4.a(nvic.o)
 .group         0x00000000        0xc ../libopencm3/lib\libopencm3_stm32f4.a(flash_common_all.o)
 .group         0x00000000        0xc ../libopencm3/lib\libopencm3_stm32f4.a(flash_common_all.o)
 .group         0x00000000        0xc ../libopencm3/lib\libopencm3_stm32f4.a(flash_common_all.o)
 .group         0x00000000        0xc ../libopencm3/lib\libopencm3_stm32f4.a(flash_common_all.o)
 .group         0x00000000        0xc ../libopencm3/lib\libopencm3_stm32f4.a(flash_common_all.o)
 .group         0x00000000        0xc ../libopencm3/lib\libopencm3_stm32f4.a(flash_common_all.o)
 .group         0x00000000        0xc ../libopencm3/lib\libopencm3_stm32f4.a(flash_common_all.o)
 .group         0x00000000        0xc ../libopencm3/lib\libopencm3_stm32f4.a(flash_common_all.o)
 .group         0x00000000        0xc ../libopencm3/lib\libopencm3_stm32f4.a(flash_common_all.o)
 .group         0x00000000        0xc ../libopencm3/lib\libopencm3_stm32f4.a(flash_common_all.o)
 .group         0x00000000        0xc ../libopencm3/lib\libopencm3_stm32f4.a(flash_common_all.o)
 .group         0x00000000        0xc ../libopencm3/lib\libopencm3_stm32f4.a(flash_common_all.o)
 .group         0x00000000        0xc ../libopencm3/lib\libopencm3_stm32f4.a(flash_common_all.o)
 .group         0x00000000        0xc ../libopencm3/lib\libopencm3_stm32f4.a(flash_common_all.o)
 .group         0x00000000        0xc ../libopencm3/lib\libopencm3_stm32f4.a(flash_common_all.o)
 .text          0x00000000        0x0 ../libopencm3/lib\libopencm3_stm32f4.a(flash_common_all.o)
 .data          0x00000000        0x0 ../libopencm3/lib\libopencm3_stm32f4.a(flash_common_all.o)
 .bss           0x00000000        0x0 ../libopencm3/lib\libopencm3_stm32f4.a(flash_common_all.o)
 .text.flash_prefetch_enable
                0x00000000       0x14 ../libopencm3/lib\libopencm3_stm32f4.a(flash_common_all.o)
 .text.flash_prefetch_disable
                0x00000000       0x14 ../libopencm3/lib\libopencm3_stm32f4.a(flash_common_all.o)
 .text.flash_unlock_option_bytes
                0x00000000       0x1c ../libopencm3/lib\libopencm3_stm32f4.a(flash_common_all.o)
 .debug_macro   0x00000000      0xacc ../libopencm3/lib\libopencm3_stm32f4.a(flash_common_all.o)
 .debug_macro   0x00000000       0x1c ../libopencm3/lib\libopencm3_stm32f4.a(flash_common_all.o)
 .debug_macro   0x00000000       0x22 ../libopencm3/lib\libopencm3_stm32f4.a(flash_common_all.o)
 .debug_macro   0x00000000       0x56 ../libopencm3/lib\libopencm3_stm32f4.a(flash_common_all.o)
 .debug_macro   0x00000000       0x51 ../libopencm3/lib\libopencm3_stm32f4.a(flash_common_all.o)
 .debug_macro   0x00000000      0x103 ../libopencm3/lib\libopencm3_stm32f4.a(flash_common_all.o)
 .debug_macro   0x00000000       0x6a ../libopencm3/lib\libopencm3_stm32f4.a(flash_common_all.o)
 .debug_macro   0x00000000      0x1df ../libopencm3/lib\libopencm3_stm32f4.a(flash_common_all.o)
 .debug_macro   0x00000000       0x22 ../libopencm3/lib\libopencm3_stm32f4.a(flash_common_all.o)
 .debug_macro   0x00000000       0xe8 ../libopencm3/lib\libopencm3_stm32f4.a(flash_common_all.o)
 .debug_macro   0x00000000       0x76 ../libopencm3/lib\libopencm3_stm32f4.a(flash_common_all.o)
 .debug_macro   0x00000000      0x280 ../libopencm3/lib\libopencm3_stm32f4.a(flash_common_all.o)
 .debug_macro   0x00000000       0x1c ../libopencm3/lib\libopencm3_stm32f4.a(flash_common_all.o)
 .debug_macro   0x00000000      0x143 ../libopencm3/lib\libopencm3_stm32f4.a(flash_common_all.o)
 .debug_macro   0x00000000       0x10 ../libopencm3/lib\libopencm3_stm32f4.a(flash_common_all.o)
 .group         0x00000000        0xc ../libopencm3/lib\libopencm3_stm32f4.a(flash_common_idcache.o)
 .group         0x00000000        0xc ../libopencm3/lib\libopencm3_stm32f4.a(flash_common_idcache.o)
 .group         0x00000000        0xc ../libopencm3/lib\libopencm3_stm32f4.a(flash_common_idcache.o)
 .group         0x00000000        0xc ../libopencm3/lib\libopencm3_stm32f4.a(flash_common_idcache.o)
 .group         0x00000000        0xc ../libopencm3/lib\libopencm3_stm32f4.a(flash_common_idcache.o)
 .group         0x00000000        0xc ../libopencm3/lib\libopencm3_stm32f4.a(flash_common_idcache.o)
 .group         0x00000000        0xc ../libopencm3/lib\libopencm3_stm32f4.a(flash_common_idcache.o)
 .group         0x00000000        0xc ../libopencm3/lib\libopencm3_stm32f4.a(flash_common_idcache.o)
 .group         0x00000000        0xc ../libopencm3/lib\libopencm3_stm32f4.a(flash_common_idcache.o)
 .group         0x00000000        0xc ../libopencm3/lib\libopencm3_stm32f4.a(flash_common_idcache.o)
 .group         0x00000000        0xc ../libopencm3/lib\libopencm3_stm32f4.a(flash_common_idcache.o)
 .group         0x00000000        0xc ../libopencm3/lib\libopencm3_stm32f4.a(flash_common_idcache.o)
 .group         0x00000000        0xc ../libopencm3/lib\libopencm3_stm32f4.a(flash_common_idcache.o)
 .group         0x00000000        0xc ../libopencm3/lib\libopencm3_stm32f4.a(flash_common_idcache.o)
 .group         0x00000000        0xc ../libopencm3/lib\libopencm3_stm32f4.a(flash_common_idcache.o)
 .text          0x00000000        0x0 ../libopencm3/lib\libopencm3_stm32f4.a(flash_common_idcache.o)
 .data          0x00000000        0x0 ../libopencm3/lib\libopencm3_stm32f4.a(flash_common_idcache.o)
 .bss           0x00000000        0x0 ../libopencm3/lib\libopencm3_stm32f4.a(flash_common_idcache.o)
 .text.flash_dcache_reset
                0x00000000       0x14 ../libopencm3/lib\libopencm3_stm32f4.a(flash_common_idcache.o)
 .text.flash_icache_reset
                0x00000000       0x14 ../libopencm3/lib\libopencm3_stm32f4.a(flash_common_idcache.o)
 .debug_macro   0x00000000      0xacc ../libopencm3/lib\libopencm3_stm32f4.a(flash_common_idcache.o)
 .debug_macro   0x00000000       0x1c ../libopencm3/lib\libopencm3_stm32f4.a(flash_common_idcache.o)
 .debug_macro   0x00000000       0x22 ../libopencm3/lib\libopencm3_stm32f4.a(flash_common_idcache.o)
 .debug_macro   0x00000000       0x56 ../libopencm3/lib\libopencm3_stm32f4.a(flash_common_idcache.o)
 .debug_macro   0x00000000       0x51 ../libopencm3/lib\libopencm3_stm32f4.a(flash_common_idcache.o)
 .debug_macro   0x00000000      0x103 ../libopencm3/lib\libopencm3_stm32f4.a(flash_common_idcache.o)
 .debug_macro   0x00000000       0x6a ../libopencm3/lib\libopencm3_stm32f4.a(flash_common_idcache.o)
 .debug_macro   0x00000000      0x1df ../libopencm3/lib\libopencm3_stm32f4.a(flash_common_idcache.o)
 .debug_macro   0x00000000       0x22 ../libopencm3/lib\libopencm3_stm32f4.a(flash_common_idcache.o)
 .debug_macro   0x00000000       0xe8 ../libopencm3/lib\libopencm3_stm32f4.a(flash_common_idcache.o)
 .debug_macro   0x00000000       0x76 ../libopencm3/lib\libopencm3_stm32f4.a(flash_common_idcache.o)
 .debug_macro   0x00000000      0x280 ../libopencm3/lib\libopencm3_stm32f4.a(flash_common_idcache.o)
 .debug_macro   0x00000000       0x1c ../libopencm3/lib\libopencm3_stm32f4.a(flash_common_idcache.o)
 .debug_macro   0x00000000      0x143 ../libopencm3/lib\libopencm3_stm32f4.a(flash_common_idcache.o)
 .debug_macro   0x00000000       0x10 ../libopencm3/lib\libopencm3_stm32f4.a(flash_common_idcache.o)
 .group         0x00000000        0xc ../libopencm3/lib\libopencm3_stm32f4.a(pwr.o)
 .group         0x00000000        0xc ../libopencm3/lib\libopencm3_stm32f4.a(pwr.o)
 .group         0x00000000        0xc ../libopencm3/lib\libopencm3_stm32f4.a(pwr.o)
 .group         0x00000000        0xc ../libopencm3/lib\libopencm3_stm32f4.a(pwr.o)
 .group         0x00000000        0xc ../libopencm3/lib\libopencm3_stm32f4.a(pwr.o)
 .group         0x00000000        0xc ../libopencm3/lib\libopencm3_stm32f4.a(pwr.o)
 .group         0x00000000        0xc ../libopencm3/lib\libopencm3_stm32f4.a(pwr.o)
 .group         0x00000000        0xc ../libopencm3/lib\libopencm3_stm32f4.a(pwr.o)
 .group         0x00000000        0xc ../libopencm3/lib\libopencm3_stm32f4.a(pwr.o)
 .group         0x00000000        0xc ../libopencm3/lib\libopencm3_stm32f4.a(pwr.o)
 .group         0x00000000        0xc ../libopencm3/lib\libopencm3_stm32f4.a(pwr.o)
 .group         0x00000000        0xc ../libopencm3/lib\libopencm3_stm32f4.a(pwr.o)
 .group         0x00000000        0xc ../libopencm3/lib\libopencm3_stm32f4.a(pwr.o)
 .group         0x00000000        0xc ../libopencm3/lib\libopencm3_stm32f4.a(pwr.o)
 .text          0x00000000        0x0 ../libopencm3/lib\libopencm3_stm32f4.a(pwr.o)
 .data          0x00000000        0x0 ../libopencm3/lib\libopencm3_stm32f4.a(pwr.o)
 .bss           0x00000000        0x0 ../libopencm3/lib\libopencm3_stm32f4.a(pwr.o)
 .debug_macro   0x00000000      0xacc ../libopencm3/lib\libopencm3_stm32f4.a(pwr.o)
 .debug_macro   0x00000000       0x1c ../libopencm3/lib\libopencm3_stm32f4.a(pwr.o)
 .debug_macro   0x00000000       0x22 ../libopencm3/lib\libopencm3_stm32f4.a(pwr.o)
 .debug_macro   0x00000000       0x56 ../libopencm3/lib\libopencm3_stm32f4.a(pwr.o)
 .debug_macro   0x00000000       0x51 ../libopencm3/lib\libopencm3_stm32f4.a(pwr.o)
 .debug_macro   0x00000000      0x103 ../libopencm3/lib\libopencm3_stm32f4.a(pwr.o)
 .debug_macro   0x00000000       0x6a ../libopencm3/lib\libopencm3_stm32f4.a(pwr.o)
 .debug_macro   0x00000000      0x1df ../libopencm3/lib\libopencm3_stm32f4.a(pwr.o)
 .debug_macro   0x00000000       0x22 ../libopencm3/lib\libopencm3_stm32f4.a(pwr.o)
 .debug_macro   0x00000000       0xe8 ../libopencm3/lib\libopencm3_stm32f4.a(pwr.o)
 .debug_macro   0x00000000       0x76 ../libopencm3/lib\libopencm3_stm32f4.a(pwr.o)
 .debug_macro   0x00000000      0x280 ../libopencm3/lib\libopencm3_stm32f4.a(pwr.o)
 .debug_macro   0x00000000       0x8e ../libopencm3/lib\libopencm3_stm32f4.a(pwr.o)
 .debug_macro   0x00000000       0x46 ../libopencm3/lib\libopencm3_stm32f4.a(pwr.o)

Memory Configuration

Name             Origin             Length             Attributes
RAM              0x20000000         0x00020000         xrw
ROM              0x08000000         0x00080000         xr
*default*        0x00000000         0xffffffff

Linker script and memory map

LOAD src/firmware.o
LOAD ../shared/src/core/ring-buffer.o
LOAD ../shared/src/core/system.o
LOAD ../shared/src/core/uart.o
LOAD startup.o
LOAD ../libopencm3/lib\libopencm3_stm32f4.a
START GROUP
LOAD C:/Program Files (x86)/Arm GNU Toolchain arm-none-eabi/14.2 rel1/bin/../lib/gcc/arm-none-eabi/14.2.1/thumb/v7e-m+fp/hard\libgcc.a
LOAD C:/Program Files (x86)/Arm GNU Toolchain arm-none-eabi/14.2 rel1/bin/../lib/gcc/arm-none-eabi/14.2.1/thumb/v7e-m+fp/hard\libc.a
END GROUP

.isr_vector     0x08000000       0xdc
                0x08000000                        . = ALIGN (0x4)
 *(.isr_vector)
 .isr_vector    0x08000000       0xdc startup.o
                0x08000000                vector_table
                0x080000dc                        . = ALIGN (0x4)

.text           0x080000dc      0xbac
                0x080000dc                        . = ALIGN (0x4)
 *(.text)
 .text          0x080000dc       0xcc src/firmware.o
                0x08000124                main
 .text          0x080001a8       0xf8 ../shared/src/core/ring-buffer.o
                0x080001a8                ring_buffer_setup
                0x080001da                ring_buffer_empty
                0x08000200                ring_buffer_write
                0x08000250                ring_buffer_read
 .text          0x080002a0       0x84 ../shared/src/core/system.o
                0x080002a0                sys_tick_handler
                0x080002f8                system_get_ticks
                0x08000314                system_setup
 .text          0x08000324      0x350 ../shared/src/core/uart.o
                0x08000324                usart1_isr
                0x08000370                usart2_isr
                0x080003bc                uart_setup
                0x08000488                uart_write
                0x080004f2                uart_write_byte
                0x08000534                uart_read
                0x080005d0                uart_read_byte
                0x0800060e                uart_data_available
 .text          0x08000674       0x64 startup.o
                0x08000674                Default_Handler
                0x0800067c                Reset_Handler
 *(.text*)
 .text.gpio_set
                0x080006d8        0x4 ../libopencm3/lib\libopencm3_stm32f4.a(gpio_common_all.o)
                0x080006d8                gpio_set
 .text.gpio_toggle
                0x080006dc       0x12 ../libopencm3/lib\libopencm3_stm32f4.a(gpio_common_all.o)
                0x080006dc                gpio_toggle
 .text.gpio_mode_setup
                0x080006ee       0x40 ../libopencm3/lib\libopencm3_stm32f4.a(gpio_common_f0234.o)
                0x080006ee                gpio_mode_setup
 .text.gpio_set_af
                0x0800072e       0x58 ../libopencm3/lib\libopencm3_stm32f4.a(gpio_common_f0234.o)
                0x0800072e                gpio_set_af
 .text.rcc_periph_clock_enable
                0x08000786       0x1a ../libopencm3/lib\libopencm3_stm32f4.a(rcc_common_all.o)
                0x08000786                rcc_periph_clock_enable
 .text.rcc_is_osc_ready
                0x080007a0       0x64 ../libopencm3/lib\libopencm3_stm32f4.a(rcc.o)
                0x080007a0                rcc_is_osc_ready
 .text.rcc_wait_for_osc_ready
                0x08000804       0x10 ../libopencm3/lib\libopencm3_stm32f4.a(rcc.o)
                0x08000804                rcc_wait_for_osc_ready
 .text.rcc_osc_on
                0x08000814       0x74 ../libopencm3/lib\libopencm3_stm32f4.a(rcc.o)
                0x08000814                rcc_osc_on
 .text.rcc_osc_off
                0x08000888       0x74 ../libopencm3/lib\libopencm3_stm32f4.a(rcc.o)
                0x08000888                rcc_osc_off
 .text.rcc_set_sysclk_source
                0x080008fc       0x18 ../libopencm3/lib\libopencm3_stm32f4.a(rcc.o)
                0x080008fc                rcc_set_sysclk_source
 .text.rcc_set_ppre2
                0x08000914       0x18 ../libopencm3/lib\libopencm3_stm32f4.a(rcc.o)
                0x08000914                rcc_set_ppre2
 .text.rcc_set_ppre1
                0x0800092c       0x18 ../libopencm3/lib\libopencm3_stm32f4.a(rcc.o)
                0x0800092c                rcc_set_ppre1
 .text.rcc_set_hpre
                0x08000944       0x18 ../libopencm3/lib\libopencm3_stm32f4.a(rcc.o)
                0x08000944                rcc_set_hpre
 .text.rcc_set_main_pll_hsi
                0x0800095c       0x44 ../libopencm3/lib\libopencm3_stm32f4.a(rcc.o)
                0x0800095c                rcc_set_main_pll_hsi
 .text.rcc_set_main_pll_hse
                0x080009a0       0x44 ../libopencm3/lib\libopencm3_stm32f4.a(rcc.o)
                0x080009a0                rcc_set_main_pll_hse
 .text.rcc_clock_setup_pll
                0x080009e4       0xe4 ../libopencm3/lib\libopencm3_stm32f4.a(rcc.o)
                0x080009e4                rcc_clock_setup_pll
 .text.rcc_get_usart_clk_freq
                0x08000ac8       0x20 ../libopencm3/lib\libopencm3_stm32f4.a(rcc.o)
                0x08000ac8                rcc_get_usart_clk_freq
 .text.usart_set_baudrate
                0x08000ae8       0x16 ../libopencm3/lib\libopencm3_stm32f4.a(usart_common_all.o)
                0x08000ae8                usart_set_baudrate
 .text.usart_set_databits
                0x08000afe       0x12 ../libopencm3/lib\libopencm3_stm32f4.a(usart_common_all.o)
                0x08000afe                usart_set_databits
 .text.usart_set_stopbits
                0x08000b10        0xc ../libopencm3/lib\libopencm3_stm32f4.a(usart_common_all.o)
                0x08000b10                usart_set_stopbits
 .text.usart_set_parity
                0x08000b1c        0xc ../libopencm3/lib\libopencm3_stm32f4.a(usart_common_all.o)
                0x08000b1c                usart_set_parity
 .text.usart_set_mode
                0x08000b28        0xc ../libopencm3/lib\libopencm3_stm32f4.a(usart_common_all.o)
                0x08000b28                usart_set_mode
 .text.usart_set_flow_control
                0x08000b34        0xc ../libopencm3/lib\libopencm3_stm32f4.a(usart_common_all.o)
                0x08000b34                usart_set_flow_control
 .text.usart_enable
                0x08000b40        0xa ../libopencm3/lib\libopencm3_stm32f4.a(usart_common_all.o)
                0x08000b40                usart_enable
 .text.usart_send_blocking
                0x08000b4a       0x16 ../libopencm3/lib\libopencm3_stm32f4.a(usart_common_all.o)
                0x08000b4a                usart_send_blocking
 .text.usart_enable_rx_interrupt
                0x08000b60        0xa ../libopencm3/lib\libopencm3_stm32f4.a(usart_common_all.o)
                0x08000b60                usart_enable_rx_interrupt
 .text.usart_send
                0x08000b6a        0x8 ../libopencm3/lib\libopencm3_stm32f4.a(usart_common_f124.o)
                0x08000b6a                usart_send
 .text.usart_recv
                0x08000b72        0x8 ../libopencm3/lib\libopencm3_stm32f4.a(usart_common_f124.o)
                0x08000b72                usart_recv
 .text.usart_wait_send_ready
                0x08000b7a        0x8 ../libopencm3/lib\libopencm3_stm32f4.a(usart_common_f124.o)
                0x08000b7a                usart_wait_send_ready
 .text.usart_get_flag
                0x08000b82        0xc ../libopencm3/lib\libopencm3_stm32f4.a(usart_common_f124.o)
                0x08000b82                usart_get_flag
 .text.systick_set_clocksource
                0x08000b8e       0x14 ../libopencm3/lib\libopencm3_stm32f4.a(systick.o)
                0x08000b8e                systick_set_clocksource
 *fill*         0x08000ba2        0x2 
 .text.systick_set_frequency
                0x08000ba4       0x38 ../libopencm3/lib\libopencm3_stm32f4.a(systick.o)
                0x08000ba4                systick_set_frequency
 .text.systick_interrupt_enable
                0x08000bdc        0xe ../libopencm3/lib\libopencm3_stm32f4.a(systick.o)
                0x08000bdc                systick_interrupt_enable
 .text.systick_counter_enable
                0x08000bea        0xe ../libopencm3/lib\libopencm3_stm32f4.a(systick.o)
                0x08000bea                systick_counter_enable
 .text.nvic_enable_irq
                0x08000bf8       0x18 ../libopencm3/lib\libopencm3_stm32f4.a(nvic.o)
                0x08000bf8                nvic_enable_irq
 .text.flash_set_ws
                0x08000c10       0x18 ../libopencm3/lib\libopencm3_stm32f4.a(flash_common_all.o)
                0x08000c10                flash_set_ws
 .text.flash_dcache_enable
                0x08000c28       0x14 ../libopencm3/lib\libopencm3_stm32f4.a(flash_common_idcache.o)
                0x08000c28                flash_dcache_enable
 .text.flash_dcache_disable
                0x08000c3c       0x14 ../libopencm3/lib\libopencm3_stm32f4.a(flash_common_idcache.o)
                0x08000c3c                flash_dcache_disable
 .text.flash_icache_enable
                0x08000c50       0x14 ../libopencm3/lib\libopencm3_stm32f4.a(flash_common_idcache.o)
                0x08000c50                flash_icache_enable
 .text.flash_icache_disable
                0x08000c64       0x14 ../libopencm3/lib\libopencm3_stm32f4.a(flash_common_idcache.o)
                0x08000c64                flash_icache_disable
 .text.pwr_set_vos_scale
                0x08000c78       0x10 ../libopencm3/lib\libopencm3_stm32f4.a(pwr.o)
                0x08000c78                pwr_set_vos_scale
 *(.glue_7)
 .glue_7        0x08000c88        0x0 linker stubs
 *(.glue_7t)
 .glue_7t       0x08000c88        0x0 linker stubs
 *(.eh_frame)
 *(.init)
 *(.fini)
                0x08000c88                        . = ALIGN (0x4)
                0x08000c88                        _etext = .

.vfp11_veneer   0x08000c88        0x0
 .vfp11_veneer  0x08000c88        0x0 linker stubs

.v4_bx          0x08000c88        0x0
 .v4_bx         0x08000c88        0x0 linker stubs

.iplt           0x08000c88        0x0
 .iplt          0x08000c88        0x0 src/firmware.o

.rodata         0x08000c88       0x70
                0x08000c88                        . = ALIGN (0x4)
 *(.rodata)
 *(.rodata*)
 .rodata.rcc_hsi_configs
                0x08000c88       0x70 ../libopencm3/lib\libopencm3_stm32f4.a(rcc.o)
                0x08000c88                rcc_hsi_configs
                0x08000cf8                        . = ALIGN (0x4)
                0x08000cf8                        _sidata = LOADADDR (.data)

.rel.dyn        0x08000cf8        0x0
 .rel.iplt      0x08000cf8        0x0 src/firmware.o

.data           0x20000000        0xc load address 0x08000cf8
                0x20000000                        . = ALIGN (0x4)
                0x20000000                        _sdata = .
 *(.data)
 *(.data*)
 .data.rcc_apb2_frequency
                0x20000000        0x4 ../libopencm3/lib\libopencm3_stm32f4.a(rcc.o)
                0x20000000                rcc_apb2_frequency
 .data.rcc_apb1_frequency
                0x20000004        0x4 ../libopencm3/lib\libopencm3_stm32f4.a(rcc.o)
                0x20000004                rcc_apb1_frequency
 .data.rcc_ahb_frequency
                0x20000008        0x4 ../libopencm3/lib\libopencm3_stm32f4.a(rcc.o)
                0x20000008                rcc_ahb_frequency
                0x2000000c                        . = ALIGN (0x4)
                0x2000000c                        _edata = .

.igot.plt       0x2000000c        0x0 load address 0x08000d04
 .igot.plt      0x2000000c        0x0 src/firmware.o

.bss            0x20000010      0x128 load address 0x08000d04
                0x20000010                        . = ALIGN (0x4)
                0x20000010                        _sbss = .
                0x20000010                        __bss_start__ = _sbss
 *(.bss)
 .bss           0x20000010        0x8 ../shared/src/core/system.o
 .bss           0x20000018      0x120 ../shared/src/core/uart.o
 *(.bss*)
 *(COMMON)
                0x20000138                        . = ALIGN (0x4)
                0x20000138                        _ebss = .
                0x20000138                        __bss_end__ = _ebss
                0x20020000                        PROVIDE (_stack = (ORIGIN (RAM) + LENGTH (RAM)))
OUTPUT(firmware.elf elf32-littlearm)
LOAD linker stubs

.debug_info     0x00000000     0x4260
 .debug_info    0x00000000      0x643 src/firmware.o
 .debug_info    0x00000643      0x1ff ../shared/src/core/ring-buffer.o
 .debug_info    0x00000842      0x2c8 ../shared/src/core/system.o
 .debug_info    0x00000b0a      0x943 ../shared/src/core/uart.o
 .debug_info    0x0000144d      0x153 startup.o
 .debug_info    0x000015a0      0x256 ../libopencm3/lib\libopencm3_stm32f4.a(gpio_common_all.o)
 .debug_info    0x000017f6      0x21b ../libopencm3/lib\libopencm3_stm32f4.a(gpio_common_f0234.o)
 .debug_info    0x00001a11      0x932 ../libopencm3/lib\libopencm3_stm32f4.a(rcc_common_all.o)
 .debug_info    0x00002343      0xfa1 ../libopencm3/lib\libopencm3_stm32f4.a(rcc.o)
 .debug_info    0x000032e4      0x665 ../libopencm3/lib\libopencm3_stm32f4.a(usart_common_all.o)
 .debug_info    0x00003949      0x192 ../libopencm3/lib\libopencm3_stm32f4.a(usart_common_f124.o)
 .debug_info    0x00003adb      0x28f ../libopencm3/lib\libopencm3_stm32f4.a(systick.o)
 .debug_info    0x00003d6a      0x239 ../libopencm3/lib\libopencm3_stm32f4.a(nvic.o)
 .debug_info    0x00003fa3       0xf1 ../libopencm3/lib\libopencm3_stm32f4.a(flash_common_all.o)
 .debug_info    0x00004094       0xe9 ../libopencm3/lib\libopencm3_stm32f4.a(flash_common_idcache.o)
 .debug_info    0x0000417d       0xe3 ../libopencm3/lib\libopencm3_stm32f4.a(pwr.o)

.debug_abbrev   0x00000000     0x122e
 .debug_abbrev  0x00000000      0x11b src/firmware.o
 .debug_abbrev  0x0000011b       0xd6 ../shared/src/core/ring-buffer.o
 .debug_abbrev  0x000001f1      0x18a ../shared/src/core/system.o
 .debug_abbrev  0x0000037b      0x19b ../shared/src/core/uart.o
 .debug_abbrev  0x00000516       0xfc startup.o
 .debug_abbrev  0x00000612      0x115 ../libopencm3/lib\libopencm3_stm32f4.a(gpio_common_all.o)
 .debug_abbrev  0x00000727       0xc2 ../libopencm3/lib\libopencm3_stm32f4.a(gpio_common_f0234.o)
 .debug_abbrev  0x000007e9      0x185 ../libopencm3/lib\libopencm3_stm32f4.a(rcc_common_all.o)
 .debug_abbrev  0x0000096e      0x2da ../libopencm3/lib\libopencm3_stm32f4.a(rcc.o)
 .debug_abbrev  0x00000c48      0x1a9 ../libopencm3/lib\libopencm3_stm32f4.a(usart_common_all.o)
 .debug_abbrev  0x00000df1       0xb6 ../libopencm3/lib\libopencm3_stm32f4.a(usart_common_f124.o)
 .debug_abbrev  0x00000ea7      0x14e ../libopencm3/lib\libopencm3_stm32f4.a(systick.o)
 .debug_abbrev  0x00000ff5       0xb6 ../libopencm3/lib\libopencm3_stm32f4.a(nvic.o)
 .debug_abbrev  0x000010ab       0x96 ../libopencm3/lib\libopencm3_stm32f4.a(flash_common_all.o)
 .debug_abbrev  0x00001141       0x56 ../libopencm3/lib\libopencm3_stm32f4.a(flash_common_idcache.o)
 .debug_abbrev  0x00001197       0x97 ../libopencm3/lib\libopencm3_stm32f4.a(pwr.o)

.debug_aranges  0x00000000      0x558
 .debug_aranges
                0x00000000       0x20 src/firmware.o
 .debug_aranges
                0x00000020       0x20 ../shared/src/core/ring-buffer.o
 .debug_aranges
                0x00000040       0x20 ../shared/src/core/system.o
 .debug_aranges
                0x00000060       0x20 ../shared/src/core/uart.o
 .debug_aranges
                0x00000080       0x20 startup.o
 .debug_aranges
                0x000000a0       0x50 ../libopencm3/lib\libopencm3_stm32f4.a(gpio_common_all.o)
 .debug_aranges
                0x000000f0       0x30 ../libopencm3/lib\libopencm3_stm32f4.a(gpio_common_f0234.o)
 .debug_aranges
                0x00000120       0x80 ../libopencm3/lib\libopencm3_stm32f4.a(rcc_common_all.o)
 .debug_aranges
                0x000001a0      0x110 ../libopencm3/lib\libopencm3_stm32f4.a(rcc.o)
 .debug_aranges
                0x000002b0       0xf0 ../libopencm3/lib\libopencm3_stm32f4.a(usart_common_all.o)
 .debug_aranges
                0x000003a0       0x40 ../libopencm3/lib\libopencm3_stm32f4.a(usart_common_f124.o)
 .debug_aranges
                0x000003e0       0x78 ../libopencm3/lib\libopencm3_stm32f4.a(systick.o)
 .debug_aranges
                0x00000458       0x60 ../libopencm3/lib\libopencm3_stm32f4.a(nvic.o)
 .debug_aranges
                0x000004b8       0x38 ../libopencm3/lib\libopencm3_stm32f4.a(flash_common_all.o)
 .debug_aranges
                0x000004f0       0x48 ../libopencm3/lib\libopencm3_stm32f4.a(flash_common_idcache.o)
 .debug_aranges
                0x00000538       0x20 ../libopencm3/lib\libopencm3_stm32f4.a(pwr.o)

.debug_line     0x00000000     0x430a
 .debug_line    0x00000000      0x228 src/firmware.o
 .debug_line    0x00000228      0x1c0 ../shared/src/core/ring-buffer.o
 .debug_line    0x000003e8      0x1c3 ../shared/src/core/system.o
 .debug_line    0x000005ab      0x387 ../shared/src/core/uart.o
 .debug_line    0x00000932      0x143 startup.o
 .debug_line    0x00000a75      0x450 ../libopencm3/lib\libopencm3_stm32f4.a(gpio_common_all.o)
 .debug_line    0x00000ec5      0x526 ../libopencm3/lib\libopencm3_stm32f4.a(gpio_common_f0234.o)
 .debug_line    0x000013eb      0x4ee ../libopencm3/lib\libopencm3_stm32f4.a(rcc_common_all.o)
 .debug_line    0x000018d9      0xb5a ../libopencm3/lib\libopencm3_stm32f4.a(rcc.o)
 .debug_line    0x00002433      0x72a ../libopencm3/lib\libopencm3_stm32f4.a(usart_common_all.o)
 .debug_line    0x00002b5d      0x446 ../libopencm3/lib\libopencm3_stm32f4.a(usart_common_f124.o)
 .debug_line    0x00002fa3      0x418 ../libopencm3/lib\libopencm3_stm32f4.a(systick.o)
 .debug_line    0x000033bb      0x429 ../libopencm3/lib\libopencm3_stm32f4.a(nvic.o)
 .debug_line    0x000037e4      0x3f0 ../libopencm3/lib\libopencm3_stm32f4.a(flash_common_all.o)
 .debug_line    0x00003bd4      0x409 ../libopencm3/lib\libopencm3_stm32f4.a(flash_common_idcache.o)
 .debug_line    0x00003fdd      0x32d ../libopencm3/lib\libopencm3_stm32f4.a(pwr.o)

.debug_str      0x00000000     0xf625
 .debug_str     0x00000000     0xf625 src/firmware.o
                                0x82d (size before relaxing)
 .debug_str     0x0000f625      0x217 ../shared/src/core/ring-buffer.o
 .debug_str     0x0000f625      0x36b ../shared/src/core/system.o
 .debug_str     0x0000f625      0x9f6 ../shared/src/core/uart.o
 .debug_str     0x0000f625      0x1aa startup.o
 .debug_str     0x0000f625     0x6701 ../libopencm3/lib\libopencm3_stm32f4.a(gpio_common_all.o)
 .debug_str     0x0000f625     0x6723 ../libopencm3/lib\libopencm3_stm32f4.a(gpio_common_f0234.o)
 .debug_str     0x0000f625     0x9ac0 ../libopencm3/lib\libopencm3_stm32f4.a(rcc_common_all.o)
 .debug_str     0x0000f625     0xa335 ../libopencm3/lib\libopencm3_stm32f4.a(rcc.o)
 .debug_str     0x0000f625     0xa582 ../libopencm3/lib\libopencm3_stm32f4.a(usart_common_all.o)
 .debug_str     0x0000f625     0xa2ee ../libopencm3/lib\libopencm3_stm32f4.a(usart_common_f124.o)
 .debug_str     0x0000f625     0x4619 ../libopencm3/lib\libopencm3_stm32f4.a(systick.o)
 .debug_str     0x0000f625     0x6236 ../libopencm3/lib\libopencm3_stm32f4.a(nvic.o)
 .debug_str     0x0000f625     0x5a58 ../libopencm3/lib\libopencm3_stm32f4.a(flash_common_all.o)
 .debug_str     0x0000f625     0x5a7a ../libopencm3/lib\libopencm3_stm32f4.a(flash_common_idcache.o)
 .debug_str     0x0000f625     0x56d4 ../libopencm3/lib\libopencm3_stm32f4.a(pwr.o)

.comment        0x00000000       0x45
 .comment       0x00000000       0x45 src/firmware.o
                                 0x46 (size before relaxing)
 .comment       0x00000045       0x46 ../shared/src/core/ring-buffer.o
 .comment       0x00000045       0x46 ../shared/src/core/system.o
 .comment       0x00000045       0x46 ../shared/src/core/uart.o
 .comment       0x00000045       0x46 startup.o
 .comment       0x00000045       0x46 ../libopencm3/lib\libopencm3_stm32f4.a(gpio_common_all.o)
 .comment       0x00000045       0x46 ../libopencm3/lib\libopencm3_stm32f4.a(gpio_common_f0234.o)
 .comment       0x00000045       0x46 ../libopencm3/lib\libopencm3_stm32f4.a(rcc_common_all.o)
 .comment       0x00000045       0x46 ../libopencm3/lib\libopencm3_stm32f4.a(rcc.o)
 .comment       0x00000045       0x46 ../libopencm3/lib\libopencm3_stm32f4.a(usart_common_all.o)
 .comment       0x00000045       0x46 ../libopencm3/lib\libopencm3_stm32f4.a(usart_common_f124.o)
 .comment       0x00000045       0x46 ../libopencm3/lib\libopencm3_stm32f4.a(systick.o)
 .comment       0x00000045       0x46 ../libopencm3/lib\libopencm3_stm32f4.a(nvic.o)
 .comment       0x00000045       0x46 ../libopencm3/lib\libopencm3_stm32f4.a(flash_common_all.o)
 .comment       0x00000045       0x46 ../libopencm3/lib\libopencm3_stm32f4.a(flash_common_idcache.o)
 .comment       0x00000045       0x46 ../libopencm3/lib\libopencm3_stm32f4.a(pwr.o)

.ARM.attributes
                0x00000000       0x34
 .ARM.attributes
                0x00000000       0x34 src/firmware.o
 .ARM.attributes
                0x00000034       0x34 ../shared/src/core/ring-buffer.o
 .ARM.attributes
                0x00000068       0x34 ../shared/src/core/system.o
 .ARM.attributes
                0x0000009c       0x34 ../shared/src/core/uart.o
 .ARM.attributes
                0x000000d0       0x34 startup.o
 .ARM.attributes
                0x00000104       0x34 ../libopencm3/lib\libopencm3_stm32f4.a(gpio_common_all.o)
 .ARM.attributes
                0x00000138       0x34 ../libopencm3/lib\libopencm3_stm32f4.a(gpio_common_f0234.o)
 .ARM.attributes
                0x0000016c       0x34 ../libopencm3/lib\libopencm3_stm32f4.a(rcc_common_all.o)
 .ARM.attributes
                0x000001a0       0x34 ../libopencm3/lib\libopencm3_stm32f4.a(rcc.o)
 .ARM.attributes
                0x000001d4       0x34 ../libopencm3/lib\libopencm3_stm32f4.a(usart_common_all.o)
 .ARM.attributes
                0x00000208       0x34 ../libopencm3/lib\libopencm3_stm32f4.a(usart_common_f124.o)
 .ARM.attributes
                0x0000023c       0x34 ../libopencm3/lib\libopencm3_stm32f4.a(systick.o)
 .ARM.attributes
                0x00000270       0x34 ../libopencm3/lib\libopencm3_stm32f4.a(nvic.o)
 .ARM.attributes
                0x000002a4       0x34 ../libopencm3/lib\libopencm3_stm32f4.a(flash_common_all.o)
 .ARM.attributes
                0x000002d8       0x34 ../libopencm3/lib\libopencm3_stm32f4.a(flash_common_idcache.o)
 .ARM.attributes
                0x0000030c       0x34 ../libopencm3/lib\libopencm3_stm32f4.a(pwr.o)

.debug_frame    0x00000000      0xbbc
 .debug_frame   0x00000000       0x50 src/firmware.o
 .debug_frame   0x00000050       0xb0 ../shared/src/core/ring-buffer.o
 .debug_frame   0x00000100       0xa4 ../shared/src/core/system.o
 .debug_frame   0x000001a4      0x128 ../shared/src/core/uart.o
 .debug_frame   0x000002cc       0x48 startup.o
 .debug_frame   0x00000314       0x80 ../libopencm3/lib\libopencm3_stm32f4.a(gpio_common_all.o)
 .debug_frame   0x00000394       0x70 ../libopencm3/lib\libopencm3_stm32f4.a(gpio_common_f0234.o)
 .debug_frame   0x00000404       0xe0 ../libopencm3/lib\libopencm3_stm32f4.a(rcc_common_all.o)
 .debug_frame   0x000004e4      0x234 ../libopencm3/lib\libopencm3_stm32f4.a(rcc.o)
 .debug_frame   0x00000718      0x1ec ../libopencm3/lib\libopencm3_stm32f4.a(usart_common_all.o)
 .debug_frame   0x00000904       0x60 ../libopencm3/lib\libopencm3_stm32f4.a(usart_common_f124.o)
 .debug_frame   0x00000964       0xd8 ../libopencm3/lib\libopencm3_stm32f4.a(systick.o)
 .debug_frame   0x00000a3c       0xa0 ../libopencm3/lib\libopencm3_stm32f4.a(nvic.o)
 .debug_frame   0x00000adc       0x50 ../libopencm3/lib\libopencm3_stm32f4.a(flash_common_all.o)
 .debug_frame   0x00000b2c       0x70 ../libopencm3/lib\libopencm3_stm32f4.a(flash_common_idcache.o)
 .debug_frame   0x00000b9c       0x20 ../libopencm3/lib\libopencm3_stm32f4.a(pwr.o)

.debug_loclists
                0x00000000      0xc2d
 .debug_loclists
                0x00000000       0x96 ../libopencm3/lib\libopencm3_stm32f4.a(gpio_common_all.o)
 .debug_loclists
                0x00000096       0xf9 ../libopencm3/lib\libopencm3_stm32f4.a(gpio_common_f0234.o)
 .debug_loclists
                0x0000018f       0x87 ../libopencm3/lib\libopencm3_stm32f4.a(rcc_common_all.o)
 .debug_loclists
                0x00000216      0x52f ../libopencm3/lib\libopencm3_stm32f4.a(rcc.o)
 .debug_loclists
                0x00000745      0x18e ../libopencm3/lib\libopencm3_stm32f4.a(usart_common_all.o)
 .debug_loclists
                0x000008d3       0x79 ../libopencm3/lib\libopencm3_stm32f4.a(usart_common_f124.o)
 .debug_loclists
                0x0000094c      0x192 ../libopencm3/lib\libopencm3_stm32f4.a(systick.o)
 .debug_loclists
                0x00000ade      0x111 ../libopencm3/lib\libopencm3_stm32f4.a(nvic.o)
 .debug_loclists
                0x00000bef       0x17 ../libopencm3/lib\libopencm3_stm32f4.a(flash_common_all.o)
 .debug_loclists
                0x00000c06       0x27 ../libopencm3/lib\libopencm3_stm32f4.a(pwr.o)

.debug_rnglists
                0x00000000      0x378
 .debug_rnglists
                0x00000000       0x37 ../libopencm3/lib\libopencm3_stm32f4.a(gpio_common_all.o)
 .debug_rnglists
                0x00000037       0x1f ../libopencm3/lib\libopencm3_stm32f4.a(gpio_common_f0234.o)
 .debug_rnglists
                0x00000056       0x5b ../libopencm3/lib\libopencm3_stm32f4.a(rcc_common_all.o)
 .debug_rnglists
                0x000000b1       0xe0 ../libopencm3/lib\libopencm3_stm32f4.a(rcc.o)
 .debug_rnglists
                0x00000191       0xaf ../libopencm3/lib\libopencm3_stm32f4.a(usart_common_all.o)
 .debug_rnglists
                0x00000240       0x2b ../libopencm3/lib\libopencm3_stm32f4.a(usart_common_f124.o)
 .debug_rnglists
                0x0000026b       0x61 ../libopencm3/lib\libopencm3_stm32f4.a(systick.o)
 .debug_rnglists
                0x000002cc       0x43 ../libopencm3/lib\libopencm3_stm32f4.a(nvic.o)
 .debug_rnglists
                0x0000030f       0x25 ../libopencm3/lib\libopencm3_stm32f4.a(flash_common_all.o)
 .debug_rnglists
                0x00000334       0x31 ../libopencm3/lib\libopencm3_stm32f4.a(flash_common_idcache.o)
 .debug_rnglists
                0x00000365       0x13 ../libopencm3/lib\libopencm3_stm32f4.a(pwr.o)

.debug_macro    0x00000000     0x3b9c
 .debug_macro   0x00000000       0xd1 ../libopencm3/lib\libopencm3_stm32f4.a(gpio_common_all.o)
 .debug_macro   0x000000d1      0xacc ../libopencm3/lib\libopencm3_stm32f4.a(gpio_common_all.o)
 .debug_macro   0x00000b9d       0x1c ../libopencm3/lib\libopencm3_stm32f4.a(gpio_common_all.o)
 .debug_macro   0x00000bb9       0x22 ../libopencm3/lib\libopencm3_stm32f4.a(gpio_common_all.o)
 .debug_macro   0x00000bdb       0x56 ../libopencm3/lib\libopencm3_stm32f4.a(gpio_common_all.o)
 .debug_macro   0x00000c31       0x51 ../libopencm3/lib\libopencm3_stm32f4.a(gpio_common_all.o)
 .debug_macro   0x00000c82      0x103 ../libopencm3/lib\libopencm3_stm32f4.a(gpio_common_all.o)
 .debug_macro   0x00000d85       0x6a ../libopencm3/lib\libopencm3_stm32f4.a(gpio_common_all.o)
 .debug_macro   0x00000def      0x1df ../libopencm3/lib\libopencm3_stm32f4.a(gpio_common_all.o)
 .debug_macro   0x00000fce       0x22 ../libopencm3/lib\libopencm3_stm32f4.a(gpio_common_all.o)
 .debug_macro   0x00000ff0       0xe8 ../libopencm3/lib\libopencm3_stm32f4.a(gpio_common_all.o)
 .debug_macro   0x000010d8       0x76 ../libopencm3/lib\libopencm3_stm32f4.a(gpio_common_all.o)
 .debug_macro   0x0000114e      0x280 ../libopencm3/lib\libopencm3_stm32f4.a(gpio_common_all.o)
 .debug_macro   0x000013ce       0x76 ../libopencm3/lib\libopencm3_stm32f4.a(gpio_common_all.o)
 .debug_macro   0x00001444      0x37e ../libopencm3/lib\libopencm3_stm32f4.a(gpio_common_all.o)
 .debug_macro   0x000017c2       0xca ../libopencm3/lib\libopencm3_stm32f4.a(gpio_common_all.o)
 .debug_macro   0x0000188c       0xd1 ../libopencm3/lib\libopencm3_stm32f4.a(gpio_common_f0234.o)
 .debug_macro   0x0000195d       0xf0 ../libopencm3/lib\libopencm3_stm32f4.a(rcc_common_all.o)
 .debug_macro   0x00001a4d       0x8e ../libopencm3/lib\libopencm3_stm32f4.a(rcc_common_all.o)
 .debug_macro   0x00001adb       0x46 ../libopencm3/lib\libopencm3_stm32f4.a(rcc_common_all.o)
 .debug_macro   0x00001b21      0xcea ../libopencm3/lib\libopencm3_stm32f4.a(rcc_common_all.o)
 .debug_macro   0x0000280b      0x124 ../libopencm3/lib\libopencm3_stm32f4.a(rcc.o)
 .debug_macro   0x0000292f       0x16 ../libopencm3/lib\libopencm3_stm32f4.a(rcc.o)
 .debug_macro   0x00002945       0x1c ../libopencm3/lib\libopencm3_stm32f4.a(rcc.o)
 .debug_macro   0x00002961      0x143 ../libopencm3/lib\libopencm3_stm32f4.a(rcc.o)
 .debug_macro   0x00002aa4       0x10 ../libopencm3/lib\libopencm3_stm32f4.a(rcc.o)
 .debug_macro   0x00002ab4      0x10b ../libopencm3/lib\libopencm3_stm32f4.a(usart_common_all.o)
 .debug_macro   0x00002bbf       0x94 ../libopencm3/lib\libopencm3_stm32f4.a(usart_common_all.o)
 .debug_macro   0x00002c53      0x29e ../libopencm3/lib\libopencm3_stm32f4.a(usart_common_all.o)
 .debug_macro   0x00002ef1       0xa0 ../libopencm3/lib\libopencm3_stm32f4.a(usart_common_all.o)
 .debug_macro   0x00002f91      0x10b ../libopencm3/lib\libopencm3_stm32f4.a(usart_common_f124.o)
 .debug_macro   0x0000309c       0x92 ../libopencm3/lib\libopencm3_stm32f4.a(systick.o)
 .debug_macro   0x0000312e       0x69 ../libopencm3/lib\libopencm3_stm32f4.a(systick.o)
 .debug_macro   0x00003197       0xb3 ../libopencm3/lib\libopencm3_stm32f4.a(nvic.o)
 .debug_macro   0x0000324a       0x68 ../libopencm3/lib\libopencm3_stm32f4.a(nvic.o)
 .debug_macro   0x000032b2      0x22c ../libopencm3/lib\libopencm3_stm32f4.a(nvic.o)
 .debug_macro   0x000034de      0x458 ../libopencm3/lib\libopencm3_stm32f4.a(nvic.o)
 .debug_macro   0x00003936       0xd7 ../libopencm3/lib\libopencm3_stm32f4.a(flash_common_all.o)
 .debug_macro   0x00003a0d       0xd7 ../libopencm3/lib\libopencm3_stm32f4.a(flash_common_idcache.o)
 .debug_macro   0x00003ae4       0xb8 ../libopencm3/lib\libopencm3_stm32f4.a(pwr.o)
